2026-03-23 15:12:25,040 pineko.theory/INFO: Start computation of HERA_CC_318GEV_EP-SIGMARED
2026-03-23 15:12:25,045 eko.matchings/INFO: Atlas [0.00e+00 - 2.28e+00 - 2.42e+01 - 2.98e+04 - inf], ref=2.7224999999999997 @ 4
2026-03-23 15:12:25,052 eko.matchings/INFO: Atlas [0.00e+00 - 2.28e+00 - 2.42e+01 - 2.98e+04 - inf], ref=2.7224999999999997 @ 4
2026-03-23 15:12:25,052 eko.matchings/INFO: Atlas [0.00e+00 - 2.28e+00 - 2.42e+01 - 2.98e+04 - inf], ref=8315.178393760001 @ 5
2026-03-23 15:12:25,052 eko.couplings/INFO: Strong Coupling: a_s(µ_R^2=8315.178394)^(nf=5)=0.009390=0.118000/(4π)
2026-03-23 15:12:25,053 eko.interpolation/INFO: Interpolation: number of points = 50, polynomial degree = 4, logarithmic = True
2026-03-23 15:12:25,156 eko.evolution_operator/INFO: Evolution: computing operators 2.722500e+00 -> 8.000000e+03, nf=4
2026-03-23 15:12:25,156 eko.evolution_operator/INFO: Evolution: µ_R^2 distance: 2.722500e+00 -> 8.000000e+03
2026-03-23 15:12:25,156 eko.evolution_operator/INFO: Evolution: a_s distance: 2.581618e-02 -> 8.989173e-03
2026-03-23 15:12:25,156 eko.evolution_operator/INFO: Evolution: order: (2, 0), solution strategy: truncated, use fhmruvv: True
2026-03-23 15:12:28,737 eko.evolution_operator/INFO: Evolution: Total time 3.581056 s
2026-03-23 15:12:28,774 eko.matchings/INFO: Atlas [0.00e+00 - 2.28e+00 - 2.42e+01 - 2.98e+04 - inf], ref=2.7224999999999997 @ 4
2026-03-23 15:12:28,775 eko.matchings/INFO: Atlas [0.00e+00 - 2.28e+00 - 2.42e+01 - 2.98e+04 - inf], ref=8315.178393760001 @ 5
2026-03-23 15:12:28,775 eko.couplings/INFO: Strong Coupling: a_s(µ_R^2=8315.178394)^(nf=5)=0.009390=0.118000/(4π)
2026-03-23 15:12:28,775 eko.interpolation/INFO: Interpolation: number of points = 50, polynomial degree = 4, logarithmic = True
2026-03-23 15:12:28,777 eko.evolution_operator/INFO: Evolution: computing operators 2.722500e+00 -> 3.000000e+02, nf=4
2026-03-23 15:12:28,777 eko.evolution_operator/INFO: Evolution: µ_R^2 distance: 2.722500e+00 -> 3.000000e+02
2026-03-23 15:12:28,777 eko.evolution_operator/INFO: Evolution: a_s distance: 2.581618e-02 -> 1.219713e-02
2026-03-23 15:12:28,777 eko.evolution_operator/INFO: Evolution: order: (2, 0), solution strategy: truncated, use fhmruvv: True
2026-03-23 15:12:31,827 eko.evolution_operator/INFO: Evolution: Total time 3.050197 s
2026-03-23 15:12:31,863 eko.matchings/INFO: Atlas [0.00e+00 - 2.28e+00 - 2.42e+01 - 2.98e+04 - inf], ref=2.7224999999999997 @ 4
2026-03-23 15:12:31,863 eko.matchings/INFO: Atlas [0.00e+00 - 2.28e+00 - 2.42e+01 - 2.98e+04 - inf], ref=8315.178393760001 @ 5
2026-03-23 15:12:31,863 eko.couplings/INFO: Strong Coupling: a_s(µ_R^2=8315.178394)^(nf=5)=0.009390=0.118000/(4π)
2026-03-23 15:12:31,863 eko.interpolation/INFO: Interpolation: number of points = 50, polynomial degree = 4, logarithmic = True
2026-03-23 15:12:31,866 eko.evolution_operator/INFO: Evolution: computing operators 2.722500e+00 -> 1.000000e+03, nf=4
2026-03-23 15:12:31,866 eko.evolution_operator/INFO: Evolution: µ_R^2 distance: 2.722500e+00 -> 1.000000e+03
2026-03-23 15:12:31,866 eko.evolution_operator/INFO: Evolution: a_s distance: 2.581618e-02 -> 1.077828e-02
2026-03-23 15:12:31,866 eko.evolution_operator/INFO: Evolution: order: (2, 0), solution strategy: truncated, use fhmruvv: True
2026-03-23 15:12:35,269 eko.evolution_operator/INFO: Evolution: Total time 3.403679 s
2026-03-23 15:12:35,305 eko.matchings/INFO: Atlas [0.00e+00 - 2.28e+00 - 2.42e+01 - 2.98e+04 - inf], ref=2.7224999999999997 @ 4
2026-03-23 15:12:35,305 eko.matchings/INFO: Atlas [0.00e+00 - 2.28e+00 - 2.42e+01 - 2.98e+04 - inf], ref=8315.178393760001 @ 5
2026-03-23 15:12:35,305 eko.couplings/INFO: Strong Coupling: a_s(µ_R^2=8315.178394)^(nf=5)=0.009390=0.118000/(4π)
2026-03-23 15:12:35,305 eko.interpolation/INFO: Interpolation: number of points = 50, polynomial degree = 4, logarithmic = True
2026-03-23 15:12:35,307 eko.evolution_operator/INFO: Evolution: computing operators 2.722500e+00 -> 1.500000e+04, nf=4
2026-03-23 15:12:35,307 eko.evolution_operator/INFO: Evolution: µ_R^2 distance: 2.722500e+00 -> 1.500000e+04
2026-03-23 15:12:35,307 eko.evolution_operator/INFO: Evolution: a_s distance: 2.581618e-02 -> 8.562280e-03
2026-03-23 15:12:35,307 eko.evolution_operator/INFO: Evolution: order: (2, 0), solution strategy: truncated, use fhmruvv: True
2026-03-23 15:12:38,253 eko.evolution_operator/INFO: Evolution: Total time 2.946122 s
2026-03-23 15:12:38,289 eko.matchings/INFO: Atlas [0.00e+00 - 2.28e+00 - 2.42e+01 - 2.98e+04 - inf], ref=2.7224999999999997 @ 4
2026-03-23 15:12:38,289 eko.matchings/INFO: Atlas [0.00e+00 - 2.28e+00 - 2.42e+01 - 2.98e+04 - inf], ref=8315.178393760001 @ 5
2026-03-23 15:12:38,289 eko.couplings/INFO: Strong Coupling: a_s(µ_R^2=8315.178394)^(nf=5)=0.009390=0.118000/(4π)
2026-03-23 15:12:38,289 eko.interpolation/INFO: Interpolation: number of points = 50, polynomial degree = 4, logarithmic = True
2026-03-23 15:12:38,291 eko.evolution_operator/INFO: Evolution: computing operators 2.722500e+00 -> 3.000000e+03, nf=4
2026-03-23 15:12:38,291 eko.evolution_operator/INFO: Evolution: µ_R^2 distance: 2.722500e+00 -> 3.000000e+03
2026-03-23 15:12:38,291 eko.evolution_operator/INFO: Evolution: a_s distance: 2.581618e-02 -> 9.750440e-03
2026-03-23 15:12:38,291 eko.evolution_operator/INFO: Evolution: order: (2, 0), solution strategy: truncated, use fhmruvv: True
2026-03-23 15:12:41,152 eko.evolution_operator/INFO: Evolution: Total time 2.860251 s
2026-03-23 15:12:41,187 eko.matchings/INFO: Atlas [0.00e+00 - 2.28e+00 - 2.42e+01 - 2.98e+04 - inf], ref=2.7224999999999997 @ 4
2026-03-23 15:12:41,188 eko.matchings/INFO: Atlas [0.00e+00 - 2.28e+00 - 2.42e+01 - 2.98e+04 - inf], ref=8315.178393760001 @ 5
2026-03-23 15:12:41,188 eko.couplings/INFO: Strong Coupling: a_s(µ_R^2=8315.178394)^(nf=5)=0.009390=0.118000/(4π)
2026-03-23 15:12:41,188 eko.interpolation/INFO: Interpolation: number of points = 50, polynomial degree = 4, logarithmic = True
2026-03-23 15:12:41,190 eko.evolution_operator/INFO: Evolution: computing operators 2.722500e+00 -> 3.000000e+04, nf=4
2026-03-23 15:12:41,190 eko.evolution_operator/INFO: Evolution: µ_R^2 distance: 2.722500e+00 -> 3.000000e+04
2026-03-23 15:12:41,190 eko.evolution_operator/INFO: Evolution: a_s distance: 2.581618e-02 -> 8.137303e-03
2026-03-23 15:12:41,190 eko.evolution_operator/INFO: Evolution: order: (2, 0), solution strategy: truncated, use fhmruvv: True
2026-03-23 15:12:44,068 eko.evolution_operator/INFO: Evolution: Total time 2.878225 s
2026-03-23 15:12:44,104 eko.matchings/INFO: Atlas [0.00e+00 - 2.28e+00 - 2.42e+01 - 2.98e+04 - inf], ref=2.7224999999999997 @ 4
2026-03-23 15:12:44,104 eko.matchings/INFO: Atlas [0.00e+00 - 2.28e+00 - 2.42e+01 - 2.98e+04 - inf], ref=8315.178393760001 @ 5
2026-03-23 15:12:44,104 eko.couplings/INFO: Strong Coupling: a_s(µ_R^2=8315.178394)^(nf=5)=0.009390=0.118000/(4π)
2026-03-23 15:12:44,104 eko.interpolation/INFO: Interpolation: number of points = 50, polynomial degree = 4, logarithmic = True
2026-03-23 15:12:44,106 eko.evolution_operator/INFO: Evolution: computing operators 2.722500e+00 -> 1.500000e+03, nf=4
2026-03-23 15:12:44,106 eko.evolution_operator/INFO: Evolution: µ_R^2 distance: 2.722500e+00 -> 1.500000e+03
2026-03-23 15:12:44,106 eko.evolution_operator/INFO: Evolution: a_s distance: 2.581618e-02 -> 1.037390e-02
2026-03-23 15:12:44,106 eko.evolution_operator/INFO: Evolution: order: (2, 0), solution strategy: truncated, use fhmruvv: True
2026-03-23 15:12:47,022 eko.evolution_operator/INFO: Evolution: Total time 2.915963 s
2026-03-23 15:12:47,059 eko.matchings/INFO: Atlas [0.00e+00 - 2.28e+00 - 2.42e+01 - 2.98e+04 - inf], ref=2.7224999999999997 @ 4
2026-03-23 15:12:47,059 eko.matchings/INFO: Atlas [0.00e+00 - 2.28e+00 - 2.42e+01 - 2.98e+04 - inf], ref=8315.178393760001 @ 5
2026-03-23 15:12:47,059 eko.couplings/INFO: Strong Coupling: a_s(µ_R^2=8315.178394)^(nf=5)=0.009390=0.118000/(4π)
2026-03-23 15:12:47,059 eko.interpolation/INFO: Interpolation: number of points = 50, polynomial degree = 4, logarithmic = True
2026-03-23 15:12:47,061 eko.evolution_operator/INFO: Evolution: computing operators 2.722500e+00 -> 2.000000e+03, nf=4
2026-03-23 15:12:47,061 eko.evolution_operator/INFO: Evolution: µ_R^2 distance: 2.722500e+00 -> 2.000000e+03
2026-03-23 15:12:47,061 eko.evolution_operator/INFO: Evolution: a_s distance: 2.581618e-02 -> 1.010543e-02
2026-03-23 15:12:47,061 eko.evolution_operator/INFO: Evolution: order: (2, 0), solution strategy: truncated, use fhmruvv: True
2026-03-23 15:12:50,024 eko.evolution_operator/INFO: Evolution: Total time 2.963181 s
2026-03-23 15:12:50,060 eko.matchings/INFO: Atlas [0.00e+00 - 2.28e+00 - 2.42e+01 - 2.98e+04 - inf], ref=2.7224999999999997 @ 4
2026-03-23 15:12:50,061 eko.matchings/INFO: Atlas [0.00e+00 - 2.28e+00 - 2.42e+01 - 2.98e+04 - inf], ref=8315.178393760001 @ 5
2026-03-23 15:12:50,061 eko.couplings/INFO: Strong Coupling: a_s(µ_R^2=8315.178394)^(nf=5)=0.009390=0.118000/(4π)
2026-03-23 15:12:50,061 eko.interpolation/INFO: Interpolation: number of points = 50, polynomial degree = 4, logarithmic = True
2026-03-23 15:12:50,063 eko.evolution_operator/INFO: Evolution: computing operators 2.722500e+00 -> 5.000000e+02, nf=4
2026-03-23 15:12:50,063 eko.evolution_operator/INFO: Evolution: µ_R^2 distance: 2.722500e+00 -> 5.000000e+02
2026-03-23 15:12:50,063 eko.evolution_operator/INFO: Evolution: a_s distance: 2.581618e-02 -> 1.155053e-02
2026-03-23 15:12:50,063 eko.evolution_operator/INFO: Evolution: order: (2, 0), solution strategy: truncated, use fhmruvv: True
2026-03-23 15:12:53,010 eko.evolution_operator/INFO: Evolution: Total time 2.947368 s
2026-03-23 15:12:53,046 eko.matchings/INFO: Atlas [0.00e+00 - 2.28e+00 - 2.42e+01 - 2.98e+04 - inf], ref=2.7224999999999997 @ 4
2026-03-23 15:12:53,046 eko.matchings/INFO: Atlas [0.00e+00 - 2.28e+00 - 2.42e+01 - 2.98e+04 - inf], ref=8315.178393760001 @ 5
2026-03-23 15:12:53,046 eko.couplings/INFO: Strong Coupling: a_s(µ_R^2=8315.178394)^(nf=5)=0.009390=0.118000/(4π)
2026-03-23 15:12:53,046 eko.interpolation/INFO: Interpolation: number of points = 50, polynomial degree = 4, logarithmic = True
2026-03-23 15:12:53,048 eko.evolution_operator/INFO: Evolution: computing operators 2.722500e+00 -> 5.000000e+03, nf=4
2026-03-23 15:12:53,048 eko.evolution_operator/INFO: Evolution: µ_R^2 distance: 2.722500e+00 -> 5.000000e+03
2026-03-23 15:12:53,048 eko.evolution_operator/INFO: Evolution: a_s distance: 2.581618e-02 -> 9.338117e-03
2026-03-23 15:12:53,048 eko.evolution_operator/INFO: Evolution: order: (2, 0), solution strategy: truncated, use fhmruvv: True
2026-03-23 15:12:55,942 eko.evolution_operator/INFO: Evolution: Total time 2.894148 s
2026-03-23 15:12:55,975 eko.matchings/INFO: Atlas [0.00e+00 - 2.28e+00 - 2.42e+01 - 2.98e+04 - inf], ref=2.7224999999999997 @ 4
2026-03-23 15:12:55,986 eko.matchings/INFO: Atlas [0.00e+00 - 2.28e+00 - 2.42e+01 - 2.98e+04 - inf], ref=2.7224999999999997 @ 4
2026-03-23 15:12:55,996 eko.matchings/INFO: Atlas [0.00e+00 - 2.28e+00 - 2.42e+01 - 2.98e+04 - inf], ref=2.7224999999999997 @ 4
2026-03-23 15:12:56,006 eko.matchings/INFO: Atlas [0.00e+00 - 2.28e+00 - 2.42e+01 - 2.98e+04 - inf], ref=2.7224999999999997 @ 4
2026-03-23 15:12:56,016 eko.matchings/INFO: Atlas [0.00e+00 - 2.28e+00 - 2.42e+01 - 2.98e+04 - inf], ref=2.7224999999999997 @ 4
2026-03-23 15:12:56,025 eko.matchings/INFO: Atlas [0.00e+00 - 2.28e+00 - 2.42e+01 - 2.98e+04 - inf], ref=2.7224999999999997 @ 4
2026-03-23 15:12:56,034 eko.matchings/INFO: Atlas [0.00e+00 - 2.28e+00 - 2.42e+01 - 2.98e+04 - inf], ref=2.7224999999999997 @ 4
2026-03-23 15:12:56,043 eko.matchings/INFO: Atlas [0.00e+00 - 2.28e+00 - 2.42e+01 - 2.98e+04 - inf], ref=2.7224999999999997 @ 4
2026-03-23 15:12:56,053 eko.matchings/INFO: Atlas [0.00e+00 - 2.28e+00 - 2.42e+01 - 2.98e+04 - inf], ref=2.7224999999999997 @ 4
2026-03-23 15:12:56,063 eko.matchings/INFO: Atlas [0.00e+00 - 2.28e+00 - 2.42e+01 - 2.98e+04 - inf], ref=2.7224999999999997 @ 4
2026-03-23 15:12:56,096 pineko.theory/INFO: Finished computation of HERA_CC_318GEV_EP-SIGMARED - took 31.056406 s
2026-03-24 16:13:41,493 pineko.theory/INFO: Start computation of HERA_CC_318GEV_EP-SIGMARED
2026-03-24 16:13:41,499 eko.matchings/INFO: Atlas [0.00e+00 - 2.28e+00 - 2.42e+01 - 2.98e+04 - inf], ref=2.7224999999999997 @ 4
2026-03-24 16:13:41,507 eko.matchings/INFO: Atlas [0.00e+00 - 2.28e+00 - 2.42e+01 - 2.98e+04 - inf], ref=2.7224999999999997 @ 4
2026-03-24 16:13:41,507 eko.matchings/INFO: Atlas [0.00e+00 - 2.28e+00 - 2.42e+01 - 2.98e+04 - inf], ref=8315.178393760001 @ 5
2026-03-24 16:13:41,507 eko.couplings/INFO: Strong Coupling: a_s(µ_R^2=8315.178394)^(nf=5)=0.009390=0.118000/(4π)
2026-03-24 16:13:41,507 eko.interpolation/INFO: Interpolation: number of points = 50, polynomial degree = 4, logarithmic = True
2026-03-24 16:13:41,585 eko.evolution_operator/INFO: Evolution: computing operators 2.722500e+00 -> 8.000000e+03, nf=4
2026-03-24 16:13:41,585 eko.evolution_operator/INFO: Evolution: µ_R^2 distance: 2.722500e+00 -> 8.000000e+03
2026-03-24 16:13:41,585 eko.evolution_operator/INFO: Evolution: a_s distance: 2.581618e-02 -> 8.989173e-03
2026-03-24 16:13:41,585 eko.evolution_operator/INFO: Evolution: order: (2, 0), solution strategy: truncated, use fhmruvv: True
2026-03-24 16:13:44,401 eko.evolution_operator/INFO: Evolution: Total time 2.815990 s
2026-03-24 16:13:44,436 eko.matchings/INFO: Atlas [0.00e+00 - 2.28e+00 - 2.42e+01 - 2.98e+04 - inf], ref=2.7224999999999997 @ 4
2026-03-24 16:13:44,436 eko.matchings/INFO: Atlas [0.00e+00 - 2.28e+00 - 2.42e+01 - 2.98e+04 - inf], ref=8315.178393760001 @ 5
2026-03-24 16:13:44,436 eko.couplings/INFO: Strong Coupling: a_s(µ_R^2=8315.178394)^(nf=5)=0.009390=0.118000/(4π)
2026-03-24 16:13:44,436 eko.interpolation/INFO: Interpolation: number of points = 50, polynomial degree = 4, logarithmic = True
2026-03-24 16:13:44,439 eko.evolution_operator/INFO: Evolution: computing operators 2.722500e+00 -> 3.000000e+02, nf=4
2026-03-24 16:13:44,439 eko.evolution_operator/INFO: Evolution: µ_R^2 distance: 2.722500e+00 -> 3.000000e+02
2026-03-24 16:13:44,439 eko.evolution_operator/INFO: Evolution: a_s distance: 2.581618e-02 -> 1.219713e-02
2026-03-24 16:13:44,439 eko.evolution_operator/INFO: Evolution: order: (2, 0), solution strategy: truncated, use fhmruvv: True
2026-03-24 16:13:47,293 eko.evolution_operator/INFO: Evolution: Total time 2.854416 s
2026-03-24 16:13:47,338 eko.matchings/INFO: Atlas [0.00e+00 - 2.28e+00 - 2.42e+01 - 2.98e+04 - inf], ref=2.7224999999999997 @ 4
2026-03-24 16:13:47,339 eko.matchings/INFO: Atlas [0.00e+00 - 2.28e+00 - 2.42e+01 - 2.98e+04 - inf], ref=8315.178393760001 @ 5
2026-03-24 16:13:47,339 eko.couplings/INFO: Strong Coupling: a_s(µ_R^2=8315.178394)^(nf=5)=0.009390=0.118000/(4π)
2026-03-24 16:13:47,339 eko.interpolation/INFO: Interpolation: number of points = 50, polynomial degree = 4, logarithmic = True
2026-03-24 16:13:47,341 eko.evolution_operator/INFO: Evolution: computing operators 2.722500e+00 -> 1.000000e+03, nf=4
2026-03-24 16:13:47,341 eko.evolution_operator/INFO: Evolution: µ_R^2 distance: 2.722500e+00 -> 1.000000e+03
2026-03-24 16:13:47,341 eko.evolution_operator/INFO: Evolution: a_s distance: 2.581618e-02 -> 1.077828e-02
2026-03-24 16:13:47,341 eko.evolution_operator/INFO: Evolution: order: (2, 0), solution strategy: truncated, use fhmruvv: True
2026-03-24 16:13:50,185 eko.evolution_operator/INFO: Evolution: Total time 2.844399 s
2026-03-24 16:13:50,222 eko.matchings/INFO: Atlas [0.00e+00 - 2.28e+00 - 2.42e+01 - 2.98e+04 - inf], ref=2.7224999999999997 @ 4
2026-03-24 16:13:50,222 eko.matchings/INFO: Atlas [0.00e+00 - 2.28e+00 - 2.42e+01 - 2.98e+04 - inf], ref=8315.178393760001 @ 5
2026-03-24 16:13:50,222 eko.couplings/INFO: Strong Coupling: a_s(µ_R^2=8315.178394)^(nf=5)=0.009390=0.118000/(4π)
2026-03-24 16:13:50,222 eko.interpolation/INFO: Interpolation: number of points = 50, polynomial degree = 4, logarithmic = True
2026-03-24 16:13:50,224 eko.evolution_operator/INFO: Evolution: computing operators 2.722500e+00 -> 1.500000e+04, nf=4
2026-03-24 16:13:50,224 eko.evolution_operator/INFO: Evolution: µ_R^2 distance: 2.722500e+00 -> 1.500000e+04
2026-03-24 16:13:50,224 eko.evolution_operator/INFO: Evolution: a_s distance: 2.581618e-02 -> 8.562280e-03
2026-03-24 16:13:50,224 eko.evolution_operator/INFO: Evolution: order: (2, 0), solution strategy: truncated, use fhmruvv: True
2026-03-24 16:13:53,111 eko.evolution_operator/INFO: Evolution: Total time 2.886658 s
2026-03-24 16:13:53,146 eko.matchings/INFO: Atlas [0.00e+00 - 2.28e+00 - 2.42e+01 - 2.98e+04 - inf], ref=2.7224999999999997 @ 4
2026-03-24 16:13:53,146 eko.matchings/INFO: Atlas [0.00e+00 - 2.28e+00 - 2.42e+01 - 2.98e+04 - inf], ref=8315.178393760001 @ 5
2026-03-24 16:13:53,146 eko.couplings/INFO: Strong Coupling: a_s(µ_R^2=8315.178394)^(nf=5)=0.009390=0.118000/(4π)
2026-03-24 16:13:53,146 eko.interpolation/INFO: Interpolation: number of points = 50, polynomial degree = 4, logarithmic = True
2026-03-24 16:13:53,148 eko.evolution_operator/INFO: Evolution: computing operators 2.722500e+00 -> 3.000000e+03, nf=4
2026-03-24 16:13:53,148 eko.evolution_operator/INFO: Evolution: µ_R^2 distance: 2.722500e+00 -> 3.000000e+03
2026-03-24 16:13:53,148 eko.evolution_operator/INFO: Evolution: a_s distance: 2.581618e-02 -> 9.750440e-03
2026-03-24 16:13:53,148 eko.evolution_operator/INFO: Evolution: order: (2, 0), solution strategy: truncated, use fhmruvv: True
2026-03-24 16:13:56,064 eko.evolution_operator/INFO: Evolution: Total time 2.916387 s
2026-03-24 16:13:56,100 eko.matchings/INFO: Atlas [0.00e+00 - 2.28e+00 - 2.42e+01 - 2.98e+04 - inf], ref=2.7224999999999997 @ 4
2026-03-24 16:13:56,100 eko.matchings/INFO: Atlas [0.00e+00 - 2.28e+00 - 2.42e+01 - 2.98e+04 - inf], ref=8315.178393760001 @ 5
2026-03-24 16:13:56,100 eko.couplings/INFO: Strong Coupling: a_s(µ_R^2=8315.178394)^(nf=5)=0.009390=0.118000/(4π)
2026-03-24 16:13:56,100 eko.interpolation/INFO: Interpolation: number of points = 50, polynomial degree = 4, logarithmic = True
2026-03-24 16:13:56,102 eko.evolution_operator/INFO: Evolution: computing operators 2.722500e+00 -> 3.000000e+04, nf=4
2026-03-24 16:13:56,102 eko.evolution_operator/INFO: Evolution: µ_R^2 distance: 2.722500e+00 -> 3.000000e+04
2026-03-24 16:13:56,102 eko.evolution_operator/INFO: Evolution: a_s distance: 2.581618e-02 -> 8.137303e-03
2026-03-24 16:13:56,102 eko.evolution_operator/INFO: Evolution: order: (2, 0), solution strategy: truncated, use fhmruvv: True
2026-03-24 16:13:59,043 eko.evolution_operator/INFO: Evolution: Total time 2.941276 s
2026-03-24 16:13:59,078 eko.matchings/INFO: Atlas [0.00e+00 - 2.28e+00 - 2.42e+01 - 2.98e+04 - inf], ref=2.7224999999999997 @ 4
2026-03-24 16:13:59,078 eko.matchings/INFO: Atlas [0.00e+00 - 2.28e+00 - 2.42e+01 - 2.98e+04 - inf], ref=8315.178393760001 @ 5
2026-03-24 16:13:59,078 eko.couplings/INFO: Strong Coupling: a_s(µ_R^2=8315.178394)^(nf=5)=0.009390=0.118000/(4π)
2026-03-24 16:13:59,078 eko.interpolation/INFO: Interpolation: number of points = 50, polynomial degree = 4, logarithmic = True
2026-03-24 16:13:59,081 eko.evolution_operator/INFO: Evolution: computing operators 2.722500e+00 -> 1.500000e+03, nf=4
2026-03-24 16:13:59,081 eko.evolution_operator/INFO: Evolution: µ_R^2 distance: 2.722500e+00 -> 1.500000e+03
2026-03-24 16:13:59,081 eko.evolution_operator/INFO: Evolution: a_s distance: 2.581618e-02 -> 1.037390e-02
2026-03-24 16:13:59,081 eko.evolution_operator/INFO: Evolution: order: (2, 0), solution strategy: truncated, use fhmruvv: True
2026-03-24 16:14:02,043 eko.evolution_operator/INFO: Evolution: Total time 2.961965 s
2026-03-24 16:14:02,080 eko.matchings/INFO: Atlas [0.00e+00 - 2.28e+00 - 2.42e+01 - 2.98e+04 - inf], ref=2.7224999999999997 @ 4
2026-03-24 16:14:02,080 eko.matchings/INFO: Atlas [0.00e+00 - 2.28e+00 - 2.42e+01 - 2.98e+04 - inf], ref=8315.178393760001 @ 5
2026-03-24 16:14:02,080 eko.couplings/INFO: Strong Coupling: a_s(µ_R^2=8315.178394)^(nf=5)=0.009390=0.118000/(4π)
2026-03-24 16:14:02,080 eko.interpolation/INFO: Interpolation: number of points = 50, polynomial degree = 4, logarithmic = True
2026-03-24 16:14:02,082 eko.evolution_operator/INFO: Evolution: computing operators 2.722500e+00 -> 2.000000e+03, nf=4
2026-03-24 16:14:02,082 eko.evolution_operator/INFO: Evolution: µ_R^2 distance: 2.722500e+00 -> 2.000000e+03
2026-03-24 16:14:02,082 eko.evolution_operator/INFO: Evolution: a_s distance: 2.581618e-02 -> 1.010543e-02
2026-03-24 16:14:02,082 eko.evolution_operator/INFO: Evolution: order: (2, 0), solution strategy: truncated, use fhmruvv: True
2026-03-24 16:14:05,086 eko.evolution_operator/INFO: Evolution: Total time 3.004301 s
2026-03-24 16:14:05,125 eko.matchings/INFO: Atlas [0.00e+00 - 2.28e+00 - 2.42e+01 - 2.98e+04 - inf], ref=2.7224999999999997 @ 4
2026-03-24 16:14:05,125 eko.matchings/INFO: Atlas [0.00e+00 - 2.28e+00 - 2.42e+01 - 2.98e+04 - inf], ref=8315.178393760001 @ 5
2026-03-24 16:14:05,125 eko.couplings/INFO: Strong Coupling: a_s(µ_R^2=8315.178394)^(nf=5)=0.009390=0.118000/(4π)
2026-03-24 16:14:05,125 eko.interpolation/INFO: Interpolation: number of points = 50, polynomial degree = 4, logarithmic = True
2026-03-24 16:14:05,127 eko.evolution_operator/INFO: Evolution: computing operators 2.722500e+00 -> 5.000000e+02, nf=4
2026-03-24 16:14:05,128 eko.evolution_operator/INFO: Evolution: µ_R^2 distance: 2.722500e+00 -> 5.000000e+02
2026-03-24 16:14:05,128 eko.evolution_operator/INFO: Evolution: a_s distance: 2.581618e-02 -> 1.155053e-02
2026-03-24 16:14:05,128 eko.evolution_operator/INFO: Evolution: order: (2, 0), solution strategy: truncated, use fhmruvv: True
2026-03-24 16:14:08,223 eko.evolution_operator/INFO: Evolution: Total time 3.095162 s
2026-03-24 16:14:08,259 eko.matchings/INFO: Atlas [0.00e+00 - 2.28e+00 - 2.42e+01 - 2.98e+04 - inf], ref=2.7224999999999997 @ 4
2026-03-24 16:14:08,259 eko.matchings/INFO: Atlas [0.00e+00 - 2.28e+00 - 2.42e+01 - 2.98e+04 - inf], ref=8315.178393760001 @ 5
2026-03-24 16:14:08,259 eko.couplings/INFO: Strong Coupling: a_s(µ_R^2=8315.178394)^(nf=5)=0.009390=0.118000/(4π)
2026-03-24 16:14:08,259 eko.interpolation/INFO: Interpolation: number of points = 50, polynomial degree = 4, logarithmic = True
2026-03-24 16:14:08,261 eko.evolution_operator/INFO: Evolution: computing operators 2.722500e+00 -> 5.000000e+03, nf=4
2026-03-24 16:14:08,261 eko.evolution_operator/INFO: Evolution: µ_R^2 distance: 2.722500e+00 -> 5.000000e+03
2026-03-24 16:14:08,261 eko.evolution_operator/INFO: Evolution: a_s distance: 2.581618e-02 -> 9.338117e-03
2026-03-24 16:14:08,261 eko.evolution_operator/INFO: Evolution: order: (2, 0), solution strategy: truncated, use fhmruvv: True
2026-03-24 16:14:11,288 eko.evolution_operator/INFO: Evolution: Total time 3.026874 s
2026-03-24 16:14:11,321 eko.matchings/INFO: Atlas [0.00e+00 - 2.28e+00 - 2.42e+01 - 2.98e+04 - inf], ref=2.7224999999999997 @ 4
2026-03-24 16:14:11,332 eko.matchings/INFO: Atlas [0.00e+00 - 2.28e+00 - 2.42e+01 - 2.98e+04 - inf], ref=2.7224999999999997 @ 4
2026-03-24 16:14:11,342 eko.matchings/INFO: Atlas [0.00e+00 - 2.28e+00 - 2.42e+01 - 2.98e+04 - inf], ref=2.7224999999999997 @ 4
2026-03-24 16:14:11,352 eko.matchings/INFO: Atlas [0.00e+00 - 2.28e+00 - 2.42e+01 - 2.98e+04 - inf], ref=2.7224999999999997 @ 4
2026-03-24 16:14:11,362 eko.matchings/INFO: Atlas [0.00e+00 - 2.28e+00 - 2.42e+01 - 2.98e+04 - inf], ref=2.7224999999999997 @ 4
2026-03-24 16:14:11,372 eko.matchings/INFO: Atlas [0.00e+00 - 2.28e+00 - 2.42e+01 - 2.98e+04 - inf], ref=2.7224999999999997 @ 4
2026-03-24 16:14:11,383 eko.matchings/INFO: Atlas [0.00e+00 - 2.28e+00 - 2.42e+01 - 2.98e+04 - inf], ref=2.7224999999999997 @ 4
2026-03-24 16:14:11,392 eko.matchings/INFO: Atlas [0.00e+00 - 2.28e+00 - 2.42e+01 - 2.98e+04 - inf], ref=2.7224999999999997 @ 4
2026-03-24 16:14:11,402 eko.matchings/INFO: Atlas [0.00e+00 - 2.28e+00 - 2.42e+01 - 2.98e+04 - inf], ref=2.7224999999999997 @ 4
2026-03-24 16:14:11,412 eko.matchings/INFO: Atlas [0.00e+00 - 2.28e+00 - 2.42e+01 - 2.98e+04 - inf], ref=2.7224999999999997 @ 4
2026-03-24 16:14:11,441 pineko.theory/INFO: Finished computation of HERA_CC_318GEV_EP-SIGMARED - took 29.946787 s
