2026-03-23 15:15:41,689 pineko.theory/INFO: Start computation of HERA_NC_318GEV_EM-SIGMARED
2026-03-23 15:15:41,695 eko.matchings/INFO: Atlas [0.00e+00 - 2.28e+00 - 2.42e+01 - 2.98e+04 - inf], ref=2.7224999999999997 @ 4
2026-03-23 15:15:41,706 eko.matchings/INFO: Atlas [0.00e+00 - 2.28e+00 - 2.42e+01 - 2.98e+04 - inf], ref=2.7224999999999997 @ 4
2026-03-23 15:15:41,706 eko.matchings/INFO: Atlas [0.00e+00 - 2.28e+00 - 2.42e+01 - 2.98e+04 - inf], ref=8315.178393760001 @ 5
2026-03-23 15:15:41,706 eko.couplings/INFO: Strong Coupling: a_s(µ_R^2=8315.178394)^(nf=5)=0.009390=0.118000/(4π)
2026-03-23 15:15:41,706 eko.interpolation/INFO: Interpolation: number of points = 50, polynomial degree = 4, logarithmic = True
2026-03-23 15:15:41,785 eko.evolution_operator/INFO: Evolution: computing operators 2.722500e+00 -> 3.000000e+02, nf=4
2026-03-23 15:15:41,785 eko.evolution_operator/INFO: Evolution: µ_R^2 distance: 2.722500e+00 -> 3.000000e+02
2026-03-23 15:15:41,785 eko.evolution_operator/INFO: Evolution: a_s distance: 2.581618e-02 -> 1.219713e-02
2026-03-23 15:15:41,785 eko.evolution_operator/INFO: Evolution: order: (2, 0), solution strategy: truncated, use fhmruvv: True
2026-03-23 15:15:44,786 eko.evolution_operator/INFO: Evolution: Total time 3.000759 s
2026-03-23 15:15:44,822 eko.matchings/INFO: Atlas [0.00e+00 - 2.28e+00 - 2.42e+01 - 2.98e+04 - inf], ref=2.7224999999999997 @ 4
2026-03-23 15:15:44,822 eko.matchings/INFO: Atlas [0.00e+00 - 2.28e+00 - 2.42e+01 - 2.98e+04 - inf], ref=8315.178393760001 @ 5
2026-03-23 15:15:44,822 eko.couplings/INFO: Strong Coupling: a_s(µ_R^2=8315.178394)^(nf=5)=0.009390=0.118000/(4π)
2026-03-23 15:15:44,822 eko.interpolation/INFO: Interpolation: number of points = 50, polynomial degree = 4, logarithmic = True
2026-03-23 15:15:44,825 eko.evolution_operator/INFO: Evolution: computing operators 2.722500e+00 -> 2.500000e+02, nf=4
2026-03-23 15:15:44,825 eko.evolution_operator/INFO: Evolution: µ_R^2 distance: 2.722500e+00 -> 2.500000e+02
2026-03-23 15:15:44,825 eko.evolution_operator/INFO: Evolution: a_s distance: 2.581618e-02 -> 1.244642e-02
2026-03-23 15:15:44,825 eko.evolution_operator/INFO: Evolution: order: (2, 0), solution strategy: truncated, use fhmruvv: True
2026-03-23 15:15:47,722 eko.evolution_operator/INFO: Evolution: Total time 2.897390 s
2026-03-23 15:15:47,758 eko.matchings/INFO: Atlas [0.00e+00 - 2.28e+00 - 2.42e+01 - 2.98e+04 - inf], ref=2.7224999999999997 @ 4
2026-03-23 15:15:47,759 eko.matchings/INFO: Atlas [0.00e+00 - 2.28e+00 - 2.42e+01 - 2.98e+04 - inf], ref=8315.178393760001 @ 5
2026-03-23 15:15:47,759 eko.couplings/INFO: Strong Coupling: a_s(µ_R^2=8315.178394)^(nf=5)=0.009390=0.118000/(4π)
2026-03-23 15:15:47,759 eko.interpolation/INFO: Interpolation: number of points = 50, polynomial degree = 4, logarithmic = True
2026-03-23 15:15:47,761 eko.evolution_operator/INFO: Evolution: computing operators 2.722500e+00 -> 2.000000e+04, nf=4
2026-03-23 15:15:47,761 eko.evolution_operator/INFO: Evolution: µ_R^2 distance: 2.722500e+00 -> 2.000000e+04
2026-03-23 15:15:47,761 eko.evolution_operator/INFO: Evolution: a_s distance: 2.581618e-02 -> 8.380484e-03
2026-03-23 15:15:47,761 eko.evolution_operator/INFO: Evolution: order: (2, 0), solution strategy: truncated, use fhmruvv: True
2026-03-23 15:15:50,645 eko.evolution_operator/INFO: Evolution: Total time 2.884237 s
2026-03-23 15:15:50,683 eko.matchings/INFO: Atlas [0.00e+00 - 2.28e+00 - 2.42e+01 - 2.98e+04 - inf], ref=2.7224999999999997 @ 4
2026-03-23 15:15:50,683 eko.matchings/INFO: Atlas [0.00e+00 - 2.28e+00 - 2.42e+01 - 2.98e+04 - inf], ref=8315.178393760001 @ 5
2026-03-23 15:15:50,683 eko.couplings/INFO: Strong Coupling: a_s(µ_R^2=8315.178394)^(nf=5)=0.009390=0.118000/(4π)
2026-03-23 15:15:50,683 eko.interpolation/INFO: Interpolation: number of points = 50, polynomial degree = 4, logarithmic = True
2026-03-23 15:15:50,685 eko.evolution_operator/INFO: Evolution: computing operators 2.722500e+00 -> 1.500000e+02, nf=4
2026-03-23 15:15:50,685 eko.evolution_operator/INFO: Evolution: µ_R^2 distance: 2.722500e+00 -> 1.500000e+02
2026-03-23 15:15:50,685 eko.evolution_operator/INFO: Evolution: a_s distance: 2.581618e-02 -> 1.320453e-02
2026-03-23 15:15:50,685 eko.evolution_operator/INFO: Evolution: order: (2, 0), solution strategy: truncated, use fhmruvv: True
2026-03-23 15:15:53,666 eko.evolution_operator/INFO: Evolution: Total time 2.980361 s
2026-03-23 15:15:53,705 eko.matchings/INFO: Atlas [0.00e+00 - 2.28e+00 - 2.42e+01 - 2.98e+04 - inf], ref=2.7224999999999997 @ 4
2026-03-23 15:15:53,706 eko.matchings/INFO: Atlas [0.00e+00 - 2.28e+00 - 2.42e+01 - 2.98e+04 - inf], ref=8315.178393760001 @ 5
2026-03-23 15:15:53,706 eko.couplings/INFO: Strong Coupling: a_s(µ_R^2=8315.178394)^(nf=5)=0.009390=0.118000/(4π)
2026-03-23 15:15:53,706 eko.interpolation/INFO: Interpolation: number of points = 50, polynomial degree = 4, logarithmic = True
2026-03-23 15:15:53,708 eko.evolution_operator/INFO: Evolution: computing operators 2.722500e+00 -> 2.000000e+03, nf=4
2026-03-23 15:15:53,708 eko.evolution_operator/INFO: Evolution: µ_R^2 distance: 2.722500e+00 -> 2.000000e+03
2026-03-23 15:15:53,708 eko.evolution_operator/INFO: Evolution: a_s distance: 2.581618e-02 -> 1.010543e-02
2026-03-23 15:15:53,708 eko.evolution_operator/INFO: Evolution: order: (2, 0), solution strategy: truncated, use fhmruvv: True
2026-03-23 15:15:56,644 eko.evolution_operator/INFO: Evolution: Total time 2.936210 s
2026-03-23 15:15:56,681 eko.matchings/INFO: Atlas [0.00e+00 - 2.28e+00 - 2.42e+01 - 2.98e+04 - inf], ref=2.7224999999999997 @ 4
2026-03-23 15:15:56,681 eko.matchings/INFO: Atlas [0.00e+00 - 2.28e+00 - 2.42e+01 - 2.98e+04 - inf], ref=8315.178393760001 @ 5
2026-03-23 15:15:56,681 eko.couplings/INFO: Strong Coupling: a_s(µ_R^2=8315.178394)^(nf=5)=0.009390=0.118000/(4π)
2026-03-23 15:15:56,681 eko.interpolation/INFO: Interpolation: number of points = 50, polynomial degree = 4, logarithmic = True
2026-03-23 15:15:56,683 eko.evolution_operator/INFO: Evolution: computing operators 2.722500e+00 -> 8.000000e+03, nf=4
2026-03-23 15:15:56,683 eko.evolution_operator/INFO: Evolution: µ_R^2 distance: 2.722500e+00 -> 8.000000e+03
2026-03-23 15:15:56,683 eko.evolution_operator/INFO: Evolution: a_s distance: 2.581618e-02 -> 8.989173e-03
2026-03-23 15:15:56,683 eko.evolution_operator/INFO: Evolution: order: (2, 0), solution strategy: truncated, use fhmruvv: True
2026-03-23 15:15:59,643 eko.evolution_operator/INFO: Evolution: Total time 2.959727 s
2026-03-23 15:15:59,679 eko.matchings/INFO: Atlas [0.00e+00 - 2.28e+00 - 2.42e+01 - 2.98e+04 - inf], ref=2.7224999999999997 @ 4
2026-03-23 15:15:59,679 eko.matchings/INFO: Atlas [0.00e+00 - 2.28e+00 - 2.42e+01 - 2.98e+04 - inf], ref=8315.178393760001 @ 5
2026-03-23 15:15:59,680 eko.couplings/INFO: Strong Coupling: a_s(µ_R^2=8315.178394)^(nf=5)=0.009390=0.118000/(4π)
2026-03-23 15:15:59,680 eko.interpolation/INFO: Interpolation: number of points = 50, polynomial degree = 4, logarithmic = True
2026-03-23 15:15:59,682 eko.evolution_operator/INFO: Evolution: computing operators 2.722500e+00 -> 5.000000e+04, nf=4
2026-03-23 15:15:59,682 eko.evolution_operator/INFO: Evolution: µ_R^2 distance: 2.722500e+00 -> 5.000000e+04
2026-03-23 15:15:59,682 eko.evolution_operator/INFO: Evolution: a_s distance: 2.581618e-02 -> 7.850779e-03
2026-03-23 15:15:59,682 eko.evolution_operator/INFO: Evolution: order: (2, 0), solution strategy: truncated, use fhmruvv: True
2026-03-23 15:16:02,645 eko.evolution_operator/INFO: Evolution: Total time 2.963100 s
2026-03-23 15:16:02,684 eko.matchings/INFO: Atlas [0.00e+00 - 2.28e+00 - 2.42e+01 - 2.98e+04 - inf], ref=2.7224999999999997 @ 4
2026-03-23 15:16:02,684 eko.matchings/INFO: Atlas [0.00e+00 - 2.28e+00 - 2.42e+01 - 2.98e+04 - inf], ref=8315.178393760001 @ 5
2026-03-23 15:16:02,684 eko.couplings/INFO: Strong Coupling: a_s(µ_R^2=8315.178394)^(nf=5)=0.009390=0.118000/(4π)
2026-03-23 15:16:02,684 eko.interpolation/INFO: Interpolation: number of points = 50, polynomial degree = 4, logarithmic = True
2026-03-23 15:16:02,686 eko.evolution_operator/INFO: Evolution: computing operators 2.722500e+00 -> 1.200000e+03, nf=4
2026-03-23 15:16:02,686 eko.evolution_operator/INFO: Evolution: µ_R^2 distance: 2.722500e+00 -> 1.200000e+03
2026-03-23 15:16:02,686 eko.evolution_operator/INFO: Evolution: a_s distance: 2.581618e-02 -> 1.059250e-02
2026-03-23 15:16:02,686 eko.evolution_operator/INFO: Evolution: order: (2, 0), solution strategy: truncated, use fhmruvv: True
2026-03-23 15:16:05,820 eko.evolution_operator/INFO: Evolution: Total time 3.133408 s
2026-03-23 15:16:05,858 eko.matchings/INFO: Atlas [0.00e+00 - 2.28e+00 - 2.42e+01 - 2.98e+04 - inf], ref=2.7224999999999997 @ 4
2026-03-23 15:16:05,858 eko.matchings/INFO: Atlas [0.00e+00 - 2.28e+00 - 2.42e+01 - 2.98e+04 - inf], ref=8315.178393760001 @ 5
2026-03-23 15:16:05,858 eko.couplings/INFO: Strong Coupling: a_s(µ_R^2=8315.178394)^(nf=5)=0.009390=0.118000/(4π)
2026-03-23 15:16:05,858 eko.interpolation/INFO: Interpolation: number of points = 50, polynomial degree = 4, logarithmic = True
2026-03-23 15:16:05,860 eko.evolution_operator/INFO: Evolution: computing operators 2.722500e+00 -> 1.200000e+04, nf=4
2026-03-23 15:16:05,860 eko.evolution_operator/INFO: Evolution: µ_R^2 distance: 2.722500e+00 -> 1.200000e+04
2026-03-23 15:16:05,860 eko.evolution_operator/INFO: Evolution: a_s distance: 2.581618e-02 -> 8.708969e-03
2026-03-23 15:16:05,860 eko.evolution_operator/INFO: Evolution: order: (2, 0), solution strategy: truncated, use fhmruvv: True
2026-03-23 15:16:08,949 eko.evolution_operator/INFO: Evolution: Total time 3.088755 s
2026-03-23 15:16:08,986 eko.matchings/INFO: Atlas [0.00e+00 - 2.28e+00 - 2.42e+01 - 2.98e+04 - inf], ref=2.7224999999999997 @ 4
2026-03-23 15:16:08,986 eko.matchings/INFO: Atlas [0.00e+00 - 2.28e+00 - 2.42e+01 - 2.98e+04 - inf], ref=8315.178393760001 @ 5
2026-03-23 15:16:08,986 eko.couplings/INFO: Strong Coupling: a_s(µ_R^2=8315.178394)^(nf=5)=0.009390=0.118000/(4π)
2026-03-23 15:16:08,986 eko.interpolation/INFO: Interpolation: number of points = 50, polynomial degree = 4, logarithmic = True
2026-03-23 15:16:08,989 eko.evolution_operator/INFO: Evolution: computing operators 2.722500e+00 -> 1.000000e+03, nf=4
2026-03-23 15:16:08,989 eko.evolution_operator/INFO: Evolution: µ_R^2 distance: 2.722500e+00 -> 1.000000e+03
2026-03-23 15:16:08,989 eko.evolution_operator/INFO: Evolution: a_s distance: 2.581618e-02 -> 1.077828e-02
2026-03-23 15:16:08,989 eko.evolution_operator/INFO: Evolution: order: (2, 0), solution strategy: truncated, use fhmruvv: True
2026-03-23 15:16:11,958 eko.evolution_operator/INFO: Evolution: Total time 2.968929 s
2026-03-23 15:16:11,994 eko.matchings/INFO: Atlas [0.00e+00 - 2.28e+00 - 2.42e+01 - 2.98e+04 - inf], ref=2.7224999999999997 @ 4
2026-03-23 15:16:11,994 eko.matchings/INFO: Atlas [0.00e+00 - 2.28e+00 - 2.42e+01 - 2.98e+04 - inf], ref=8315.178393760001 @ 5
2026-03-23 15:16:11,994 eko.couplings/INFO: Strong Coupling: a_s(µ_R^2=8315.178394)^(nf=5)=0.009390=0.118000/(4π)
2026-03-23 15:16:11,994 eko.interpolation/INFO: Interpolation: number of points = 50, polynomial degree = 4, logarithmic = True
2026-03-23 15:16:11,997 eko.evolution_operator/INFO: Evolution: computing operators 2.722500e+00 -> 6.000000e+01, nf=4
2026-03-23 15:16:11,997 eko.evolution_operator/INFO: Evolution: µ_R^2 distance: 2.722500e+00 -> 6.000000e+01
2026-03-23 15:16:11,997 eko.evolution_operator/INFO: Evolution: a_s distance: 2.581618e-02 -> 1.483485e-02
2026-03-23 15:16:11,997 eko.evolution_operator/INFO: Evolution: order: (2, 0), solution strategy: truncated, use fhmruvv: True
2026-03-23 15:16:14,978 eko.evolution_operator/INFO: Evolution: Total time 2.980813 s
2026-03-23 15:16:15,015 eko.matchings/INFO: Atlas [0.00e+00 - 2.28e+00 - 2.42e+01 - 2.98e+04 - inf], ref=2.7224999999999997 @ 4
2026-03-23 15:16:15,015 eko.matchings/INFO: Atlas [0.00e+00 - 2.28e+00 - 2.42e+01 - 2.98e+04 - inf], ref=8315.178393760001 @ 5
2026-03-23 15:16:15,015 eko.couplings/INFO: Strong Coupling: a_s(µ_R^2=8315.178394)^(nf=5)=0.009390=0.118000/(4π)
2026-03-23 15:16:15,015 eko.interpolation/INFO: Interpolation: number of points = 50, polynomial degree = 4, logarithmic = True
2026-03-23 15:16:15,017 eko.evolution_operator/INFO: Evolution: computing operators 2.722500e+00 -> 6.500000e+02, nf=4
2026-03-23 15:16:15,017 eko.evolution_operator/INFO: Evolution: µ_R^2 distance: 2.722500e+00 -> 6.500000e+02
2026-03-23 15:16:15,017 eko.evolution_operator/INFO: Evolution: a_s distance: 2.581618e-02 -> 1.124515e-02
2026-03-23 15:16:15,017 eko.evolution_operator/INFO: Evolution: order: (2, 0), solution strategy: truncated, use fhmruvv: True
2026-03-23 15:16:17,992 eko.evolution_operator/INFO: Evolution: Total time 2.975390 s
2026-03-23 15:16:18,029 eko.matchings/INFO: Atlas [0.00e+00 - 2.28e+00 - 2.42e+01 - 2.98e+04 - inf], ref=2.7224999999999997 @ 4
2026-03-23 15:16:18,029 eko.matchings/INFO: Atlas [0.00e+00 - 2.28e+00 - 2.42e+01 - 2.98e+04 - inf], ref=8315.178393760001 @ 5
2026-03-23 15:16:18,029 eko.couplings/INFO: Strong Coupling: a_s(µ_R^2=8315.178394)^(nf=5)=0.009390=0.118000/(4π)
2026-03-23 15:16:18,029 eko.interpolation/INFO: Interpolation: number of points = 50, polynomial degree = 4, logarithmic = True
2026-03-23 15:16:18,031 eko.evolution_operator/INFO: Evolution: computing operators 2.722500e+00 -> 1.200000e+02, nf=4
2026-03-23 15:16:18,031 eko.evolution_operator/INFO: Evolution: µ_R^2 distance: 2.722500e+00 -> 1.200000e+02
2026-03-23 15:16:18,031 eko.evolution_operator/INFO: Evolution: a_s distance: 2.581618e-02 -> 1.356655e-02
2026-03-23 15:16:18,031 eko.evolution_operator/INFO: Evolution: order: (2, 0), solution strategy: truncated, use fhmruvv: True
2026-03-23 15:16:21,003 eko.evolution_operator/INFO: Evolution: Total time 2.971873 s
2026-03-23 15:16:21,040 eko.matchings/INFO: Atlas [0.00e+00 - 2.28e+00 - 2.42e+01 - 2.98e+04 - inf], ref=2.7224999999999997 @ 4
2026-03-23 15:16:21,040 eko.matchings/INFO: Atlas [0.00e+00 - 2.28e+00 - 2.42e+01 - 2.98e+04 - inf], ref=8315.178393760001 @ 5
2026-03-23 15:16:21,040 eko.couplings/INFO: Strong Coupling: a_s(µ_R^2=8315.178394)^(nf=5)=0.009390=0.118000/(4π)
2026-03-23 15:16:21,040 eko.interpolation/INFO: Interpolation: number of points = 50, polynomial degree = 4, logarithmic = True
2026-03-23 15:16:21,042 eko.evolution_operator/INFO: Evolution: computing operators 2.722500e+00 -> 2.000000e+02, nf=4
2026-03-23 15:16:21,042 eko.evolution_operator/INFO: Evolution: µ_R^2 distance: 2.722500e+00 -> 2.000000e+02
2026-03-23 15:16:21,042 eko.evolution_operator/INFO: Evolution: a_s distance: 2.581618e-02 -> 1.276624e-02
2026-03-23 15:16:21,042 eko.evolution_operator/INFO: Evolution: order: (2, 0), solution strategy: truncated, use fhmruvv: True
2026-03-23 15:16:24,002 eko.evolution_operator/INFO: Evolution: Total time 2.959555 s
2026-03-23 15:16:24,038 eko.matchings/INFO: Atlas [0.00e+00 - 2.28e+00 - 2.42e+01 - 2.98e+04 - inf], ref=2.7224999999999997 @ 4
2026-03-23 15:16:24,038 eko.matchings/INFO: Atlas [0.00e+00 - 2.28e+00 - 2.42e+01 - 2.98e+04 - inf], ref=8315.178393760001 @ 5
2026-03-23 15:16:24,038 eko.couplings/INFO: Strong Coupling: a_s(µ_R^2=8315.178394)^(nf=5)=0.009390=0.118000/(4π)
2026-03-23 15:16:24,038 eko.interpolation/INFO: Interpolation: number of points = 50, polynomial degree = 4, logarithmic = True
2026-03-23 15:16:24,041 eko.evolution_operator/INFO: Evolution: computing operators 2.722500e+00 -> 3.000000e+04, nf=4
2026-03-23 15:16:24,041 eko.evolution_operator/INFO: Evolution: µ_R^2 distance: 2.722500e+00 -> 3.000000e+04
2026-03-23 15:16:24,041 eko.evolution_operator/INFO: Evolution: a_s distance: 2.581618e-02 -> 8.137303e-03
2026-03-23 15:16:24,041 eko.evolution_operator/INFO: Evolution: order: (2, 0), solution strategy: truncated, use fhmruvv: True
2026-03-23 15:16:27,041 eko.evolution_operator/INFO: Evolution: Total time 3.000168 s
2026-03-23 15:16:27,077 eko.matchings/INFO: Atlas [0.00e+00 - 2.28e+00 - 2.42e+01 - 2.98e+04 - inf], ref=2.7224999999999997 @ 4
2026-03-23 15:16:27,077 eko.matchings/INFO: Atlas [0.00e+00 - 2.28e+00 - 2.42e+01 - 2.98e+04 - inf], ref=8315.178393760001 @ 5
2026-03-23 15:16:27,077 eko.couplings/INFO: Strong Coupling: a_s(µ_R^2=8315.178394)^(nf=5)=0.009390=0.118000/(4π)
2026-03-23 15:16:27,077 eko.interpolation/INFO: Interpolation: number of points = 50, polynomial degree = 4, logarithmic = True
2026-03-23 15:16:27,079 eko.evolution_operator/INFO: Evolution: computing operators 2.722500e+00 -> 8.000000e+02, nf=4
2026-03-23 15:16:27,079 eko.evolution_operator/INFO: Evolution: µ_R^2 distance: 2.722500e+00 -> 8.000000e+02
2026-03-23 15:16:27,079 eko.evolution_operator/INFO: Evolution: a_s distance: 2.581618e-02 -> 1.101501e-02
2026-03-23 15:16:27,079 eko.evolution_operator/INFO: Evolution: order: (2, 0), solution strategy: truncated, use fhmruvv: True
2026-03-23 15:16:30,036 eko.evolution_operator/INFO: Evolution: Total time 2.956382 s
2026-03-23 15:16:30,073 eko.matchings/INFO: Atlas [0.00e+00 - 2.28e+00 - 2.42e+01 - 2.98e+04 - inf], ref=2.7224999999999997 @ 4
2026-03-23 15:16:30,073 eko.matchings/INFO: Atlas [0.00e+00 - 2.28e+00 - 2.42e+01 - 2.98e+04 - inf], ref=8315.178393760001 @ 5
2026-03-23 15:16:30,073 eko.couplings/INFO: Strong Coupling: a_s(µ_R^2=8315.178394)^(nf=5)=0.009390=0.118000/(4π)
2026-03-23 15:16:30,073 eko.interpolation/INFO: Interpolation: number of points = 50, polynomial degree = 4, logarithmic = True
2026-03-23 15:16:30,075 eko.evolution_operator/INFO: Evolution: computing operators 2.722500e+00 -> 5.000000e+02, nf=4
2026-03-23 15:16:30,075 eko.evolution_operator/INFO: Evolution: µ_R^2 distance: 2.722500e+00 -> 5.000000e+02
2026-03-23 15:16:30,075 eko.evolution_operator/INFO: Evolution: a_s distance: 2.581618e-02 -> 1.155053e-02
2026-03-23 15:16:30,075 eko.evolution_operator/INFO: Evolution: order: (2, 0), solution strategy: truncated, use fhmruvv: True
2026-03-23 15:16:33,041 eko.evolution_operator/INFO: Evolution: Total time 2.966518 s
2026-03-23 15:16:33,078 eko.matchings/INFO: Atlas [0.00e+00 - 2.28e+00 - 2.42e+01 - 2.98e+04 - inf], ref=2.7224999999999997 @ 4
2026-03-23 15:16:33,079 eko.matchings/INFO: Atlas [0.00e+00 - 2.28e+00 - 2.42e+01 - 2.98e+04 - inf], ref=8315.178393760001 @ 5
2026-03-23 15:16:33,079 eko.couplings/INFO: Strong Coupling: a_s(µ_R^2=8315.178394)^(nf=5)=0.009390=0.118000/(4π)
2026-03-23 15:16:33,079 eko.interpolation/INFO: Interpolation: number of points = 50, polynomial degree = 4, logarithmic = True
2026-03-23 15:16:33,081 eko.evolution_operator/INFO: Evolution: computing operators 2.722500e+00 -> 4.000000e+02, nf=4
2026-03-23 15:16:33,081 eko.evolution_operator/INFO: Evolution: µ_R^2 distance: 2.722500e+00 -> 4.000000e+02
2026-03-23 15:16:33,081 eko.evolution_operator/INFO: Evolution: a_s distance: 2.581618e-02 -> 1.182407e-02
2026-03-23 15:16:33,081 eko.evolution_operator/INFO: Evolution: order: (2, 0), solution strategy: truncated, use fhmruvv: True
2026-03-23 15:16:35,991 eko.evolution_operator/INFO: Evolution: Total time 2.910435 s
2026-03-23 15:16:36,029 eko.matchings/INFO: Atlas [0.00e+00 - 2.28e+00 - 2.42e+01 - 2.98e+04 - inf], ref=2.7224999999999997 @ 4
2026-03-23 15:16:36,029 eko.matchings/INFO: Atlas [0.00e+00 - 2.28e+00 - 2.42e+01 - 2.98e+04 - inf], ref=8315.178393760001 @ 5
2026-03-23 15:16:36,029 eko.couplings/INFO: Strong Coupling: a_s(µ_R^2=8315.178394)^(nf=5)=0.009390=0.118000/(4π)
2026-03-23 15:16:36,030 eko.interpolation/INFO: Interpolation: number of points = 50, polynomial degree = 4, logarithmic = True
2026-03-23 15:16:36,032 eko.evolution_operator/INFO: Evolution: computing operators 2.722500e+00 -> 3.000000e+03, nf=4
2026-03-23 15:16:36,032 eko.evolution_operator/INFO: Evolution: µ_R^2 distance: 2.722500e+00 -> 3.000000e+03
2026-03-23 15:16:36,032 eko.evolution_operator/INFO: Evolution: a_s distance: 2.581618e-02 -> 9.750440e-03
2026-03-23 15:16:36,032 eko.evolution_operator/INFO: Evolution: order: (2, 0), solution strategy: truncated, use fhmruvv: True
2026-03-23 15:16:38,957 eko.evolution_operator/INFO: Evolution: Total time 2.925301 s
2026-03-23 15:16:38,996 eko.matchings/INFO: Atlas [0.00e+00 - 2.28e+00 - 2.42e+01 - 2.98e+04 - inf], ref=2.7224999999999997 @ 4
2026-03-23 15:16:38,996 eko.matchings/INFO: Atlas [0.00e+00 - 2.28e+00 - 2.42e+01 - 2.98e+04 - inf], ref=8315.178393760001 @ 5
2026-03-23 15:16:38,997 eko.couplings/INFO: Strong Coupling: a_s(µ_R^2=8315.178394)^(nf=5)=0.009390=0.118000/(4π)
2026-03-23 15:16:38,997 eko.interpolation/INFO: Interpolation: number of points = 50, polynomial degree = 4, logarithmic = True
2026-03-23 15:16:38,999 eko.evolution_operator/INFO: Evolution: computing operators 2.722500e+00 -> 1.500000e+03, nf=4
2026-03-23 15:16:38,999 eko.evolution_operator/INFO: Evolution: µ_R^2 distance: 2.722500e+00 -> 1.500000e+03
2026-03-23 15:16:38,999 eko.evolution_operator/INFO: Evolution: a_s distance: 2.581618e-02 -> 1.037390e-02
2026-03-23 15:16:38,999 eko.evolution_operator/INFO: Evolution: order: (2, 0), solution strategy: truncated, use fhmruvv: True
2026-03-23 15:16:41,921 eko.evolution_operator/INFO: Evolution: Total time 2.921992 s
2026-03-23 15:16:41,958 eko.matchings/INFO: Atlas [0.00e+00 - 2.28e+00 - 2.42e+01 - 2.98e+04 - inf], ref=2.7224999999999997 @ 4
2026-03-23 15:16:41,958 eko.matchings/INFO: Atlas [0.00e+00 - 2.28e+00 - 2.42e+01 - 2.98e+04 - inf], ref=8315.178393760001 @ 5
2026-03-23 15:16:41,958 eko.couplings/INFO: Strong Coupling: a_s(µ_R^2=8315.178394)^(nf=5)=0.009390=0.118000/(4π)
2026-03-23 15:16:41,958 eko.interpolation/INFO: Interpolation: number of points = 50, polynomial degree = 4, logarithmic = True
2026-03-23 15:16:41,960 eko.evolution_operator/INFO: Evolution: computing operators 2.722500e+00 -> 9.000000e+01, nf=4
2026-03-23 15:16:41,960 eko.evolution_operator/INFO: Evolution: µ_R^2 distance: 2.722500e+00 -> 9.000000e+01
2026-03-23 15:16:41,960 eko.evolution_operator/INFO: Evolution: a_s distance: 2.581618e-02 -> 1.406474e-02
2026-03-23 15:16:41,960 eko.evolution_operator/INFO: Evolution: order: (2, 0), solution strategy: truncated, use fhmruvv: True
2026-03-23 15:16:44,873 eko.evolution_operator/INFO: Evolution: Total time 2.913059 s
2026-03-23 15:16:44,910 eko.matchings/INFO: Atlas [0.00e+00 - 2.28e+00 - 2.42e+01 - 2.98e+04 - inf], ref=2.7224999999999997 @ 4
2026-03-23 15:16:44,910 eko.matchings/INFO: Atlas [0.00e+00 - 2.28e+00 - 2.42e+01 - 2.98e+04 - inf], ref=8315.178393760001 @ 5
2026-03-23 15:16:44,910 eko.couplings/INFO: Strong Coupling: a_s(µ_R^2=8315.178394)^(nf=5)=0.009390=0.118000/(4π)
2026-03-23 15:16:44,910 eko.interpolation/INFO: Interpolation: number of points = 50, polynomial degree = 4, logarithmic = True
2026-03-23 15:16:44,912 eko.evolution_operator/INFO: Evolution: computing operators 2.722500e+00 -> 5.000000e+03, nf=4
2026-03-23 15:16:44,912 eko.evolution_operator/INFO: Evolution: µ_R^2 distance: 2.722500e+00 -> 5.000000e+03
2026-03-23 15:16:44,912 eko.evolution_operator/INFO: Evolution: a_s distance: 2.581618e-02 -> 9.338117e-03
2026-03-23 15:16:44,912 eko.evolution_operator/INFO: Evolution: order: (2, 0), solution strategy: truncated, use fhmruvv: True
2026-03-23 15:16:47,872 eko.evolution_operator/INFO: Evolution: Total time 2.959316 s
2026-03-23 15:16:47,905 eko.matchings/INFO: Atlas [0.00e+00 - 2.28e+00 - 2.42e+01 - 2.98e+04 - inf], ref=2.7224999999999997 @ 4
2026-03-23 15:16:47,916 eko.matchings/INFO: Atlas [0.00e+00 - 2.28e+00 - 2.42e+01 - 2.98e+04 - inf], ref=2.7224999999999997 @ 4
2026-03-23 15:16:47,926 eko.matchings/INFO: Atlas [0.00e+00 - 2.28e+00 - 2.42e+01 - 2.98e+04 - inf], ref=2.7224999999999997 @ 4
2026-03-23 15:16:47,937 eko.matchings/INFO: Atlas [0.00e+00 - 2.28e+00 - 2.42e+01 - 2.98e+04 - inf], ref=2.7224999999999997 @ 4
2026-03-23 15:16:47,949 eko.matchings/INFO: Atlas [0.00e+00 - 2.28e+00 - 2.42e+01 - 2.98e+04 - inf], ref=2.7224999999999997 @ 4
2026-03-23 15:16:47,960 eko.matchings/INFO: Atlas [0.00e+00 - 2.28e+00 - 2.42e+01 - 2.98e+04 - inf], ref=2.7224999999999997 @ 4
2026-03-23 15:16:47,972 eko.matchings/INFO: Atlas [0.00e+00 - 2.28e+00 - 2.42e+01 - 2.98e+04 - inf], ref=2.7224999999999997 @ 4
2026-03-23 15:16:47,982 eko.matchings/INFO: Atlas [0.00e+00 - 2.28e+00 - 2.42e+01 - 2.98e+04 - inf], ref=2.7224999999999997 @ 4
2026-03-23 15:16:47,993 eko.matchings/INFO: Atlas [0.00e+00 - 2.28e+00 - 2.42e+01 - 2.98e+04 - inf], ref=2.7224999999999997 @ 4
2026-03-23 15:16:48,004 eko.matchings/INFO: Atlas [0.00e+00 - 2.28e+00 - 2.42e+01 - 2.98e+04 - inf], ref=2.7224999999999997 @ 4
2026-03-23 15:16:48,015 eko.matchings/INFO: Atlas [0.00e+00 - 2.28e+00 - 2.42e+01 - 2.98e+04 - inf], ref=2.7224999999999997 @ 4
2026-03-23 15:16:48,026 eko.matchings/INFO: Atlas [0.00e+00 - 2.28e+00 - 2.42e+01 - 2.98e+04 - inf], ref=2.7224999999999997 @ 4
2026-03-23 15:16:48,038 eko.matchings/INFO: Atlas [0.00e+00 - 2.28e+00 - 2.42e+01 - 2.98e+04 - inf], ref=2.7224999999999997 @ 4
2026-03-23 15:16:48,050 eko.matchings/INFO: Atlas [0.00e+00 - 2.28e+00 - 2.42e+01 - 2.98e+04 - inf], ref=2.7224999999999997 @ 4
2026-03-23 15:16:48,061 eko.matchings/INFO: Atlas [0.00e+00 - 2.28e+00 - 2.42e+01 - 2.98e+04 - inf], ref=2.7224999999999997 @ 4
2026-03-23 15:16:48,071 eko.matchings/INFO: Atlas [0.00e+00 - 2.28e+00 - 2.42e+01 - 2.98e+04 - inf], ref=2.7224999999999997 @ 4
2026-03-23 15:16:48,082 eko.matchings/INFO: Atlas [0.00e+00 - 2.28e+00 - 2.42e+01 - 2.98e+04 - inf], ref=2.7224999999999997 @ 4
2026-03-23 15:16:48,092 eko.matchings/INFO: Atlas [0.00e+00 - 2.28e+00 - 2.42e+01 - 2.98e+04 - inf], ref=2.7224999999999997 @ 4
2026-03-23 15:16:48,103 eko.matchings/INFO: Atlas [0.00e+00 - 2.28e+00 - 2.42e+01 - 2.98e+04 - inf], ref=2.7224999999999997 @ 4
2026-03-23 15:16:48,113 eko.matchings/INFO: Atlas [0.00e+00 - 2.28e+00 - 2.42e+01 - 2.98e+04 - inf], ref=2.7224999999999997 @ 4
2026-03-23 15:16:48,123 eko.matchings/INFO: Atlas [0.00e+00 - 2.28e+00 - 2.42e+01 - 2.98e+04 - inf], ref=2.7224999999999997 @ 4
2026-03-23 15:16:48,134 eko.matchings/INFO: Atlas [0.00e+00 - 2.28e+00 - 2.42e+01 - 2.98e+04 - inf], ref=2.7224999999999997 @ 4
2026-03-23 15:16:48,189 pineko.theory/INFO: Finished computation of HERA_NC_318GEV_EM-SIGMARED - took 66.499882 s
2026-03-24 12:57:45,641 pineko.theory/INFO: Start computation of HERA_NC_318GEV_EM-SIGMARED
2026-03-24 12:57:45,646 eko.matchings/INFO: Atlas [0.00e+00 - 2.28e+00 - 2.42e+01 - 2.98e+04 - inf], ref=2.7224999999999997 @ 4
2026-03-24 12:57:45,657 eko.matchings/INFO: Atlas [0.00e+00 - 2.28e+00 - 2.42e+01 - 2.98e+04 - inf], ref=2.7224999999999997 @ 4
2026-03-24 12:57:45,657 eko.matchings/INFO: Atlas [0.00e+00 - 2.28e+00 - 2.42e+01 - 2.98e+04 - inf], ref=8315.178393760001 @ 5
2026-03-24 12:57:45,657 eko.couplings/INFO: Strong Coupling: a_s(µ_R^2=8315.178394)^(nf=5)=0.009390=0.118000/(4π)
2026-03-24 12:57:45,657 eko.interpolation/INFO: Interpolation: number of points = 50, polynomial degree = 4, logarithmic = True
2026-03-24 12:57:45,732 eko.evolution_operator/INFO: Evolution: computing operators 2.722500e+00 -> 3.000000e+02, nf=4
2026-03-24 12:57:45,732 eko.evolution_operator/INFO: Evolution: µ_R^2 distance: 2.722500e+00 -> 3.000000e+02
2026-03-24 12:57:45,732 eko.evolution_operator/INFO: Evolution: a_s distance: 2.581618e-02 -> 1.219713e-02
2026-03-24 12:57:45,732 eko.evolution_operator/INFO: Evolution: order: (2, 0), solution strategy: truncated, use fhmruvv: True
2026-03-24 12:57:48,623 eko.evolution_operator/INFO: Evolution: Total time 2.890323 s
2026-03-24 12:57:48,659 eko.matchings/INFO: Atlas [0.00e+00 - 2.28e+00 - 2.42e+01 - 2.98e+04 - inf], ref=2.7224999999999997 @ 4
2026-03-24 12:57:48,659 eko.matchings/INFO: Atlas [0.00e+00 - 2.28e+00 - 2.42e+01 - 2.98e+04 - inf], ref=8315.178393760001 @ 5
2026-03-24 12:57:48,660 eko.couplings/INFO: Strong Coupling: a_s(µ_R^2=8315.178394)^(nf=5)=0.009390=0.118000/(4π)
2026-03-24 12:57:48,660 eko.interpolation/INFO: Interpolation: number of points = 50, polynomial degree = 4, logarithmic = True
2026-03-24 12:57:48,662 eko.evolution_operator/INFO: Evolution: computing operators 2.722500e+00 -> 2.500000e+02, nf=4
2026-03-24 12:57:48,662 eko.evolution_operator/INFO: Evolution: µ_R^2 distance: 2.722500e+00 -> 2.500000e+02
2026-03-24 12:57:48,662 eko.evolution_operator/INFO: Evolution: a_s distance: 2.581618e-02 -> 1.244642e-02
2026-03-24 12:57:48,662 eko.evolution_operator/INFO: Evolution: order: (2, 0), solution strategy: truncated, use fhmruvv: True
2026-03-24 12:57:51,508 eko.evolution_operator/INFO: Evolution: Total time 2.846331 s
2026-03-24 12:57:51,545 eko.matchings/INFO: Atlas [0.00e+00 - 2.28e+00 - 2.42e+01 - 2.98e+04 - inf], ref=2.7224999999999997 @ 4
2026-03-24 12:57:51,545 eko.matchings/INFO: Atlas [0.00e+00 - 2.28e+00 - 2.42e+01 - 2.98e+04 - inf], ref=8315.178393760001 @ 5
2026-03-24 12:57:51,545 eko.couplings/INFO: Strong Coupling: a_s(µ_R^2=8315.178394)^(nf=5)=0.009390=0.118000/(4π)
2026-03-24 12:57:51,545 eko.interpolation/INFO: Interpolation: number of points = 50, polynomial degree = 4, logarithmic = True
2026-03-24 12:57:51,547 eko.evolution_operator/INFO: Evolution: computing operators 2.722500e+00 -> 2.000000e+04, nf=4
2026-03-24 12:57:51,547 eko.evolution_operator/INFO: Evolution: µ_R^2 distance: 2.722500e+00 -> 2.000000e+04
2026-03-24 12:57:51,547 eko.evolution_operator/INFO: Evolution: a_s distance: 2.581618e-02 -> 8.380484e-03
2026-03-24 12:57:51,547 eko.evolution_operator/INFO: Evolution: order: (2, 0), solution strategy: truncated, use fhmruvv: True
2026-03-24 12:57:54,341 eko.evolution_operator/INFO: Evolution: Total time 2.793756 s
2026-03-24 12:57:54,377 eko.matchings/INFO: Atlas [0.00e+00 - 2.28e+00 - 2.42e+01 - 2.98e+04 - inf], ref=2.7224999999999997 @ 4
2026-03-24 12:57:54,377 eko.matchings/INFO: Atlas [0.00e+00 - 2.28e+00 - 2.42e+01 - 2.98e+04 - inf], ref=8315.178393760001 @ 5
2026-03-24 12:57:54,377 eko.couplings/INFO: Strong Coupling: a_s(µ_R^2=8315.178394)^(nf=5)=0.009390=0.118000/(4π)
2026-03-24 12:57:54,377 eko.interpolation/INFO: Interpolation: number of points = 50, polynomial degree = 4, logarithmic = True
2026-03-24 12:57:54,379 eko.evolution_operator/INFO: Evolution: computing operators 2.722500e+00 -> 1.500000e+02, nf=4
2026-03-24 12:57:54,379 eko.evolution_operator/INFO: Evolution: µ_R^2 distance: 2.722500e+00 -> 1.500000e+02
2026-03-24 12:57:54,379 eko.evolution_operator/INFO: Evolution: a_s distance: 2.581618e-02 -> 1.320453e-02
2026-03-24 12:57:54,379 eko.evolution_operator/INFO: Evolution: order: (2, 0), solution strategy: truncated, use fhmruvv: True
2026-03-24 12:57:57,150 eko.evolution_operator/INFO: Evolution: Total time 2.771202 s
2026-03-24 12:57:57,187 eko.matchings/INFO: Atlas [0.00e+00 - 2.28e+00 - 2.42e+01 - 2.98e+04 - inf], ref=2.7224999999999997 @ 4
2026-03-24 12:57:57,187 eko.matchings/INFO: Atlas [0.00e+00 - 2.28e+00 - 2.42e+01 - 2.98e+04 - inf], ref=8315.178393760001 @ 5
2026-03-24 12:57:57,187 eko.couplings/INFO: Strong Coupling: a_s(µ_R^2=8315.178394)^(nf=5)=0.009390=0.118000/(4π)
2026-03-24 12:57:57,187 eko.interpolation/INFO: Interpolation: number of points = 50, polynomial degree = 4, logarithmic = True
2026-03-24 12:57:57,189 eko.evolution_operator/INFO: Evolution: computing operators 2.722500e+00 -> 2.000000e+03, nf=4
2026-03-24 12:57:57,189 eko.evolution_operator/INFO: Evolution: µ_R^2 distance: 2.722500e+00 -> 2.000000e+03
2026-03-24 12:57:57,189 eko.evolution_operator/INFO: Evolution: a_s distance: 2.581618e-02 -> 1.010543e-02
2026-03-24 12:57:57,189 eko.evolution_operator/INFO: Evolution: order: (2, 0), solution strategy: truncated, use fhmruvv: True
2026-03-24 12:58:00,004 eko.evolution_operator/INFO: Evolution: Total time 2.814177 s
2026-03-24 12:58:00,045 eko.matchings/INFO: Atlas [0.00e+00 - 2.28e+00 - 2.42e+01 - 2.98e+04 - inf], ref=2.7224999999999997 @ 4
2026-03-24 12:58:00,045 eko.matchings/INFO: Atlas [0.00e+00 - 2.28e+00 - 2.42e+01 - 2.98e+04 - inf], ref=8315.178393760001 @ 5
2026-03-24 12:58:00,045 eko.couplings/INFO: Strong Coupling: a_s(µ_R^2=8315.178394)^(nf=5)=0.009390=0.118000/(4π)
2026-03-24 12:58:00,045 eko.interpolation/INFO: Interpolation: number of points = 50, polynomial degree = 4, logarithmic = True
2026-03-24 12:58:00,048 eko.evolution_operator/INFO: Evolution: computing operators 2.722500e+00 -> 8.000000e+03, nf=4
2026-03-24 12:58:00,048 eko.evolution_operator/INFO: Evolution: µ_R^2 distance: 2.722500e+00 -> 8.000000e+03
2026-03-24 12:58:00,048 eko.evolution_operator/INFO: Evolution: a_s distance: 2.581618e-02 -> 8.989173e-03
2026-03-24 12:58:00,048 eko.evolution_operator/INFO: Evolution: order: (2, 0), solution strategy: truncated, use fhmruvv: True
2026-03-24 12:58:02,893 eko.evolution_operator/INFO: Evolution: Total time 2.845380 s
2026-03-24 12:58:02,930 eko.matchings/INFO: Atlas [0.00e+00 - 2.28e+00 - 2.42e+01 - 2.98e+04 - inf], ref=2.7224999999999997 @ 4
2026-03-24 12:58:02,930 eko.matchings/INFO: Atlas [0.00e+00 - 2.28e+00 - 2.42e+01 - 2.98e+04 - inf], ref=8315.178393760001 @ 5
2026-03-24 12:58:02,930 eko.couplings/INFO: Strong Coupling: a_s(µ_R^2=8315.178394)^(nf=5)=0.009390=0.118000/(4π)
2026-03-24 12:58:02,930 eko.interpolation/INFO: Interpolation: number of points = 50, polynomial degree = 4, logarithmic = True
2026-03-24 12:58:02,932 eko.evolution_operator/INFO: Evolution: computing operators 2.722500e+00 -> 5.000000e+04, nf=4
2026-03-24 12:58:02,932 eko.evolution_operator/INFO: Evolution: µ_R^2 distance: 2.722500e+00 -> 5.000000e+04
2026-03-24 12:58:02,932 eko.evolution_operator/INFO: Evolution: a_s distance: 2.581618e-02 -> 7.850779e-03
2026-03-24 12:58:02,932 eko.evolution_operator/INFO: Evolution: order: (2, 0), solution strategy: truncated, use fhmruvv: True
2026-03-24 12:58:05,795 eko.evolution_operator/INFO: Evolution: Total time 2.862649 s
2026-03-24 12:58:05,832 eko.matchings/INFO: Atlas [0.00e+00 - 2.28e+00 - 2.42e+01 - 2.98e+04 - inf], ref=2.7224999999999997 @ 4
2026-03-24 12:58:05,832 eko.matchings/INFO: Atlas [0.00e+00 - 2.28e+00 - 2.42e+01 - 2.98e+04 - inf], ref=8315.178393760001 @ 5
2026-03-24 12:58:05,832 eko.couplings/INFO: Strong Coupling: a_s(µ_R^2=8315.178394)^(nf=5)=0.009390=0.118000/(4π)
2026-03-24 12:58:05,832 eko.interpolation/INFO: Interpolation: number of points = 50, polynomial degree = 4, logarithmic = True
2026-03-24 12:58:05,834 eko.evolution_operator/INFO: Evolution: computing operators 2.722500e+00 -> 1.200000e+03, nf=4
2026-03-24 12:58:05,834 eko.evolution_operator/INFO: Evolution: µ_R^2 distance: 2.722500e+00 -> 1.200000e+03
2026-03-24 12:58:05,834 eko.evolution_operator/INFO: Evolution: a_s distance: 2.581618e-02 -> 1.059250e-02
2026-03-24 12:58:05,834 eko.evolution_operator/INFO: Evolution: order: (2, 0), solution strategy: truncated, use fhmruvv: True
2026-03-24 12:58:09,192 eko.evolution_operator/INFO: Evolution: Total time 3.358460 s
2026-03-24 12:58:09,239 eko.matchings/INFO: Atlas [0.00e+00 - 2.28e+00 - 2.42e+01 - 2.98e+04 - inf], ref=2.7224999999999997 @ 4
2026-03-24 12:58:09,239 eko.matchings/INFO: Atlas [0.00e+00 - 2.28e+00 - 2.42e+01 - 2.98e+04 - inf], ref=8315.178393760001 @ 5
2026-03-24 12:58:09,239 eko.couplings/INFO: Strong Coupling: a_s(µ_R^2=8315.178394)^(nf=5)=0.009390=0.118000/(4π)
2026-03-24 12:58:09,239 eko.interpolation/INFO: Interpolation: number of points = 50, polynomial degree = 4, logarithmic = True
2026-03-24 12:58:09,241 eko.evolution_operator/INFO: Evolution: computing operators 2.722500e+00 -> 1.200000e+04, nf=4
2026-03-24 12:58:09,241 eko.evolution_operator/INFO: Evolution: µ_R^2 distance: 2.722500e+00 -> 1.200000e+04
2026-03-24 12:58:09,241 eko.evolution_operator/INFO: Evolution: a_s distance: 2.581618e-02 -> 8.708969e-03
2026-03-24 12:58:09,241 eko.evolution_operator/INFO: Evolution: order: (2, 0), solution strategy: truncated, use fhmruvv: True
2026-03-24 12:58:13,548 eko.evolution_operator/INFO: Evolution: Total time 4.307089 s
2026-03-24 12:58:13,587 eko.matchings/INFO: Atlas [0.00e+00 - 2.28e+00 - 2.42e+01 - 2.98e+04 - inf], ref=2.7224999999999997 @ 4
2026-03-24 12:58:13,587 eko.matchings/INFO: Atlas [0.00e+00 - 2.28e+00 - 2.42e+01 - 2.98e+04 - inf], ref=8315.178393760001 @ 5
2026-03-24 12:58:13,588 eko.couplings/INFO: Strong Coupling: a_s(µ_R^2=8315.178394)^(nf=5)=0.009390=0.118000/(4π)
2026-03-24 12:58:13,588 eko.interpolation/INFO: Interpolation: number of points = 50, polynomial degree = 4, logarithmic = True
2026-03-24 12:58:13,590 eko.evolution_operator/INFO: Evolution: computing operators 2.722500e+00 -> 1.000000e+03, nf=4
2026-03-24 12:58:13,590 eko.evolution_operator/INFO: Evolution: µ_R^2 distance: 2.722500e+00 -> 1.000000e+03
2026-03-24 12:58:13,590 eko.evolution_operator/INFO: Evolution: a_s distance: 2.581618e-02 -> 1.077828e-02
2026-03-24 12:58:13,590 eko.evolution_operator/INFO: Evolution: order: (2, 0), solution strategy: truncated, use fhmruvv: True
2026-03-24 12:58:17,595 eko.evolution_operator/INFO: Evolution: Total time 4.005519 s
2026-03-24 12:58:17,633 eko.matchings/INFO: Atlas [0.00e+00 - 2.28e+00 - 2.42e+01 - 2.98e+04 - inf], ref=2.7224999999999997 @ 4
2026-03-24 12:58:17,633 eko.matchings/INFO: Atlas [0.00e+00 - 2.28e+00 - 2.42e+01 - 2.98e+04 - inf], ref=8315.178393760001 @ 5
2026-03-24 12:58:17,633 eko.couplings/INFO: Strong Coupling: a_s(µ_R^2=8315.178394)^(nf=5)=0.009390=0.118000/(4π)
2026-03-24 12:58:17,633 eko.interpolation/INFO: Interpolation: number of points = 50, polynomial degree = 4, logarithmic = True
2026-03-24 12:58:17,635 eko.evolution_operator/INFO: Evolution: computing operators 2.722500e+00 -> 6.000000e+01, nf=4
2026-03-24 12:58:17,635 eko.evolution_operator/INFO: Evolution: µ_R^2 distance: 2.722500e+00 -> 6.000000e+01
2026-03-24 12:58:17,635 eko.evolution_operator/INFO: Evolution: a_s distance: 2.581618e-02 -> 1.483485e-02
2026-03-24 12:58:17,635 eko.evolution_operator/INFO: Evolution: order: (2, 0), solution strategy: truncated, use fhmruvv: True
2026-03-24 12:58:21,028 eko.evolution_operator/INFO: Evolution: Total time 3.392599 s
2026-03-24 12:58:21,070 eko.matchings/INFO: Atlas [0.00e+00 - 2.28e+00 - 2.42e+01 - 2.98e+04 - inf], ref=2.7224999999999997 @ 4
2026-03-24 12:58:21,070 eko.matchings/INFO: Atlas [0.00e+00 - 2.28e+00 - 2.42e+01 - 2.98e+04 - inf], ref=8315.178393760001 @ 5
2026-03-24 12:58:21,070 eko.couplings/INFO: Strong Coupling: a_s(µ_R^2=8315.178394)^(nf=5)=0.009390=0.118000/(4π)
2026-03-24 12:58:21,070 eko.interpolation/INFO: Interpolation: number of points = 50, polynomial degree = 4, logarithmic = True
2026-03-24 12:58:21,072 eko.evolution_operator/INFO: Evolution: computing operators 2.722500e+00 -> 6.500000e+02, nf=4
2026-03-24 12:58:21,072 eko.evolution_operator/INFO: Evolution: µ_R^2 distance: 2.722500e+00 -> 6.500000e+02
2026-03-24 12:58:21,072 eko.evolution_operator/INFO: Evolution: a_s distance: 2.581618e-02 -> 1.124515e-02
2026-03-24 12:58:21,072 eko.evolution_operator/INFO: Evolution: order: (2, 0), solution strategy: truncated, use fhmruvv: True
2026-03-24 12:58:24,279 eko.evolution_operator/INFO: Evolution: Total time 3.206610 s
2026-03-24 12:58:24,315 eko.matchings/INFO: Atlas [0.00e+00 - 2.28e+00 - 2.42e+01 - 2.98e+04 - inf], ref=2.7224999999999997 @ 4
2026-03-24 12:58:24,315 eko.matchings/INFO: Atlas [0.00e+00 - 2.28e+00 - 2.42e+01 - 2.98e+04 - inf], ref=8315.178393760001 @ 5
2026-03-24 12:58:24,315 eko.couplings/INFO: Strong Coupling: a_s(µ_R^2=8315.178394)^(nf=5)=0.009390=0.118000/(4π)
2026-03-24 12:58:24,315 eko.interpolation/INFO: Interpolation: number of points = 50, polynomial degree = 4, logarithmic = True
2026-03-24 12:58:24,318 eko.evolution_operator/INFO: Evolution: computing operators 2.722500e+00 -> 1.200000e+02, nf=4
2026-03-24 12:58:24,318 eko.evolution_operator/INFO: Evolution: µ_R^2 distance: 2.722500e+00 -> 1.200000e+02
2026-03-24 12:58:24,318 eko.evolution_operator/INFO: Evolution: a_s distance: 2.581618e-02 -> 1.356655e-02
2026-03-24 12:58:24,318 eko.evolution_operator/INFO: Evolution: order: (2, 0), solution strategy: truncated, use fhmruvv: True
2026-03-24 12:58:27,610 eko.evolution_operator/INFO: Evolution: Total time 3.292722 s
2026-03-24 12:58:27,648 eko.matchings/INFO: Atlas [0.00e+00 - 2.28e+00 - 2.42e+01 - 2.98e+04 - inf], ref=2.7224999999999997 @ 4
2026-03-24 12:58:27,648 eko.matchings/INFO: Atlas [0.00e+00 - 2.28e+00 - 2.42e+01 - 2.98e+04 - inf], ref=8315.178393760001 @ 5
2026-03-24 12:58:27,648 eko.couplings/INFO: Strong Coupling: a_s(µ_R^2=8315.178394)^(nf=5)=0.009390=0.118000/(4π)
2026-03-24 12:58:27,648 eko.interpolation/INFO: Interpolation: number of points = 50, polynomial degree = 4, logarithmic = True
2026-03-24 12:58:27,650 eko.evolution_operator/INFO: Evolution: computing operators 2.722500e+00 -> 2.000000e+02, nf=4
2026-03-24 12:58:27,650 eko.evolution_operator/INFO: Evolution: µ_R^2 distance: 2.722500e+00 -> 2.000000e+02
2026-03-24 12:58:27,650 eko.evolution_operator/INFO: Evolution: a_s distance: 2.581618e-02 -> 1.276624e-02
2026-03-24 12:58:27,650 eko.evolution_operator/INFO: Evolution: order: (2, 0), solution strategy: truncated, use fhmruvv: True
2026-03-24 12:58:30,825 eko.evolution_operator/INFO: Evolution: Total time 3.175179 s
2026-03-24 12:58:30,863 eko.matchings/INFO: Atlas [0.00e+00 - 2.28e+00 - 2.42e+01 - 2.98e+04 - inf], ref=2.7224999999999997 @ 4
2026-03-24 12:58:30,863 eko.matchings/INFO: Atlas [0.00e+00 - 2.28e+00 - 2.42e+01 - 2.98e+04 - inf], ref=8315.178393760001 @ 5
2026-03-24 12:58:30,863 eko.couplings/INFO: Strong Coupling: a_s(µ_R^2=8315.178394)^(nf=5)=0.009390=0.118000/(4π)
2026-03-24 12:58:30,863 eko.interpolation/INFO: Interpolation: number of points = 50, polynomial degree = 4, logarithmic = True
2026-03-24 12:58:30,865 eko.evolution_operator/INFO: Evolution: computing operators 2.722500e+00 -> 3.000000e+04, nf=4
2026-03-24 12:58:30,865 eko.evolution_operator/INFO: Evolution: µ_R^2 distance: 2.722500e+00 -> 3.000000e+04
2026-03-24 12:58:30,865 eko.evolution_operator/INFO: Evolution: a_s distance: 2.581618e-02 -> 8.137303e-03
2026-03-24 12:58:30,865 eko.evolution_operator/INFO: Evolution: order: (2, 0), solution strategy: truncated, use fhmruvv: True
2026-03-24 12:58:34,013 eko.evolution_operator/INFO: Evolution: Total time 3.148300 s
2026-03-24 12:58:34,052 eko.matchings/INFO: Atlas [0.00e+00 - 2.28e+00 - 2.42e+01 - 2.98e+04 - inf], ref=2.7224999999999997 @ 4
2026-03-24 12:58:34,052 eko.matchings/INFO: Atlas [0.00e+00 - 2.28e+00 - 2.42e+01 - 2.98e+04 - inf], ref=8315.178393760001 @ 5
2026-03-24 12:58:34,052 eko.couplings/INFO: Strong Coupling: a_s(µ_R^2=8315.178394)^(nf=5)=0.009390=0.118000/(4π)
2026-03-24 12:58:34,052 eko.interpolation/INFO: Interpolation: number of points = 50, polynomial degree = 4, logarithmic = True
2026-03-24 12:58:34,054 eko.evolution_operator/INFO: Evolution: computing operators 2.722500e+00 -> 8.000000e+02, nf=4
2026-03-24 12:58:34,054 eko.evolution_operator/INFO: Evolution: µ_R^2 distance: 2.722500e+00 -> 8.000000e+02
2026-03-24 12:58:34,054 eko.evolution_operator/INFO: Evolution: a_s distance: 2.581618e-02 -> 1.101501e-02
2026-03-24 12:58:34,054 eko.evolution_operator/INFO: Evolution: order: (2, 0), solution strategy: truncated, use fhmruvv: True
2026-03-24 12:58:37,325 eko.evolution_operator/INFO: Evolution: Total time 3.270048 s
2026-03-24 12:58:37,369 eko.matchings/INFO: Atlas [0.00e+00 - 2.28e+00 - 2.42e+01 - 2.98e+04 - inf], ref=2.7224999999999997 @ 4
2026-03-24 12:58:37,369 eko.matchings/INFO: Atlas [0.00e+00 - 2.28e+00 - 2.42e+01 - 2.98e+04 - inf], ref=8315.178393760001 @ 5
2026-03-24 12:58:37,369 eko.couplings/INFO: Strong Coupling: a_s(µ_R^2=8315.178394)^(nf=5)=0.009390=0.118000/(4π)
2026-03-24 12:58:37,369 eko.interpolation/INFO: Interpolation: number of points = 50, polynomial degree = 4, logarithmic = True
2026-03-24 12:58:37,371 eko.evolution_operator/INFO: Evolution: computing operators 2.722500e+00 -> 5.000000e+02, nf=4
2026-03-24 12:58:37,371 eko.evolution_operator/INFO: Evolution: µ_R^2 distance: 2.722500e+00 -> 5.000000e+02
2026-03-24 12:58:37,371 eko.evolution_operator/INFO: Evolution: a_s distance: 2.581618e-02 -> 1.155053e-02
2026-03-24 12:58:37,371 eko.evolution_operator/INFO: Evolution: order: (2, 0), solution strategy: truncated, use fhmruvv: True
2026-03-24 12:58:41,154 eko.evolution_operator/INFO: Evolution: Total time 3.782396 s
2026-03-24 12:58:41,193 eko.matchings/INFO: Atlas [0.00e+00 - 2.28e+00 - 2.42e+01 - 2.98e+04 - inf], ref=2.7224999999999997 @ 4
2026-03-24 12:58:41,193 eko.matchings/INFO: Atlas [0.00e+00 - 2.28e+00 - 2.42e+01 - 2.98e+04 - inf], ref=8315.178393760001 @ 5
2026-03-24 12:58:41,193 eko.couplings/INFO: Strong Coupling: a_s(µ_R^2=8315.178394)^(nf=5)=0.009390=0.118000/(4π)
2026-03-24 12:58:41,193 eko.interpolation/INFO: Interpolation: number of points = 50, polynomial degree = 4, logarithmic = True
2026-03-24 12:58:41,195 eko.evolution_operator/INFO: Evolution: computing operators 2.722500e+00 -> 4.000000e+02, nf=4
2026-03-24 12:58:41,195 eko.evolution_operator/INFO: Evolution: µ_R^2 distance: 2.722500e+00 -> 4.000000e+02
2026-03-24 12:58:41,196 eko.evolution_operator/INFO: Evolution: a_s distance: 2.581618e-02 -> 1.182407e-02
2026-03-24 12:58:41,196 eko.evolution_operator/INFO: Evolution: order: (2, 0), solution strategy: truncated, use fhmruvv: True
2026-03-24 12:58:44,745 eko.evolution_operator/INFO: Evolution: Total time 3.549507 s
2026-03-24 12:58:44,786 eko.matchings/INFO: Atlas [0.00e+00 - 2.28e+00 - 2.42e+01 - 2.98e+04 - inf], ref=2.7224999999999997 @ 4
2026-03-24 12:58:44,786 eko.matchings/INFO: Atlas [0.00e+00 - 2.28e+00 - 2.42e+01 - 2.98e+04 - inf], ref=8315.178393760001 @ 5
2026-03-24 12:58:44,786 eko.couplings/INFO: Strong Coupling: a_s(µ_R^2=8315.178394)^(nf=5)=0.009390=0.118000/(4π)
2026-03-24 12:58:44,786 eko.interpolation/INFO: Interpolation: number of points = 50, polynomial degree = 4, logarithmic = True
2026-03-24 12:58:44,788 eko.evolution_operator/INFO: Evolution: computing operators 2.722500e+00 -> 3.000000e+03, nf=4
2026-03-24 12:58:44,788 eko.evolution_operator/INFO: Evolution: µ_R^2 distance: 2.722500e+00 -> 3.000000e+03
2026-03-24 12:58:44,788 eko.evolution_operator/INFO: Evolution: a_s distance: 2.581618e-02 -> 9.750440e-03
2026-03-24 12:58:44,788 eko.evolution_operator/INFO: Evolution: order: (2, 0), solution strategy: truncated, use fhmruvv: True
2026-03-24 12:58:48,529 eko.evolution_operator/INFO: Evolution: Total time 3.740745 s
2026-03-24 12:58:48,570 eko.matchings/INFO: Atlas [0.00e+00 - 2.28e+00 - 2.42e+01 - 2.98e+04 - inf], ref=2.7224999999999997 @ 4
2026-03-24 12:58:48,570 eko.matchings/INFO: Atlas [0.00e+00 - 2.28e+00 - 2.42e+01 - 2.98e+04 - inf], ref=8315.178393760001 @ 5
2026-03-24 12:58:48,570 eko.couplings/INFO: Strong Coupling: a_s(µ_R^2=8315.178394)^(nf=5)=0.009390=0.118000/(4π)
2026-03-24 12:58:48,570 eko.interpolation/INFO: Interpolation: number of points = 50, polynomial degree = 4, logarithmic = True
2026-03-24 12:58:48,572 eko.evolution_operator/INFO: Evolution: computing operators 2.722500e+00 -> 1.500000e+03, nf=4
2026-03-24 12:58:48,572 eko.evolution_operator/INFO: Evolution: µ_R^2 distance: 2.722500e+00 -> 1.500000e+03
2026-03-24 12:58:48,572 eko.evolution_operator/INFO: Evolution: a_s distance: 2.581618e-02 -> 1.037390e-02
2026-03-24 12:58:48,572 eko.evolution_operator/INFO: Evolution: order: (2, 0), solution strategy: truncated, use fhmruvv: True
2026-03-24 12:58:52,449 eko.evolution_operator/INFO: Evolution: Total time 3.877000 s
2026-03-24 12:58:52,490 eko.matchings/INFO: Atlas [0.00e+00 - 2.28e+00 - 2.42e+01 - 2.98e+04 - inf], ref=2.7224999999999997 @ 4
2026-03-24 12:58:52,490 eko.matchings/INFO: Atlas [0.00e+00 - 2.28e+00 - 2.42e+01 - 2.98e+04 - inf], ref=8315.178393760001 @ 5
2026-03-24 12:58:52,490 eko.couplings/INFO: Strong Coupling: a_s(µ_R^2=8315.178394)^(nf=5)=0.009390=0.118000/(4π)
2026-03-24 12:58:52,490 eko.interpolation/INFO: Interpolation: number of points = 50, polynomial degree = 4, logarithmic = True
2026-03-24 12:58:52,492 eko.evolution_operator/INFO: Evolution: computing operators 2.722500e+00 -> 9.000000e+01, nf=4
2026-03-24 12:58:52,492 eko.evolution_operator/INFO: Evolution: µ_R^2 distance: 2.722500e+00 -> 9.000000e+01
2026-03-24 12:58:52,492 eko.evolution_operator/INFO: Evolution: a_s distance: 2.581618e-02 -> 1.406474e-02
2026-03-24 12:58:52,492 eko.evolution_operator/INFO: Evolution: order: (2, 0), solution strategy: truncated, use fhmruvv: True
2026-03-24 12:58:56,581 eko.evolution_operator/INFO: Evolution: Total time 4.088357 s
2026-03-24 12:58:56,622 eko.matchings/INFO: Atlas [0.00e+00 - 2.28e+00 - 2.42e+01 - 2.98e+04 - inf], ref=2.7224999999999997 @ 4
2026-03-24 12:58:56,622 eko.matchings/INFO: Atlas [0.00e+00 - 2.28e+00 - 2.42e+01 - 2.98e+04 - inf], ref=8315.178393760001 @ 5
2026-03-24 12:58:56,622 eko.couplings/INFO: Strong Coupling: a_s(µ_R^2=8315.178394)^(nf=5)=0.009390=0.118000/(4π)
2026-03-24 12:58:56,622 eko.interpolation/INFO: Interpolation: number of points = 50, polynomial degree = 4, logarithmic = True
2026-03-24 12:58:56,624 eko.evolution_operator/INFO: Evolution: computing operators 2.722500e+00 -> 5.000000e+03, nf=4
2026-03-24 12:58:56,624 eko.evolution_operator/INFO: Evolution: µ_R^2 distance: 2.722500e+00 -> 5.000000e+03
2026-03-24 12:58:56,625 eko.evolution_operator/INFO: Evolution: a_s distance: 2.581618e-02 -> 9.338117e-03
2026-03-24 12:58:56,625 eko.evolution_operator/INFO: Evolution: order: (2, 0), solution strategy: truncated, use fhmruvv: True
2026-03-24 12:59:00,175 eko.evolution_operator/INFO: Evolution: Total time 3.550779 s
2026-03-24 12:59:00,209 eko.matchings/INFO: Atlas [0.00e+00 - 2.28e+00 - 2.42e+01 - 2.98e+04 - inf], ref=2.7224999999999997 @ 4
2026-03-24 12:59:00,221 eko.matchings/INFO: Atlas [0.00e+00 - 2.28e+00 - 2.42e+01 - 2.98e+04 - inf], ref=2.7224999999999997 @ 4
2026-03-24 12:59:00,232 eko.matchings/INFO: Atlas [0.00e+00 - 2.28e+00 - 2.42e+01 - 2.98e+04 - inf], ref=2.7224999999999997 @ 4
2026-03-24 12:59:00,243 eko.matchings/INFO: Atlas [0.00e+00 - 2.28e+00 - 2.42e+01 - 2.98e+04 - inf], ref=2.7224999999999997 @ 4
2026-03-24 12:59:00,254 eko.matchings/INFO: Atlas [0.00e+00 - 2.28e+00 - 2.42e+01 - 2.98e+04 - inf], ref=2.7224999999999997 @ 4
2026-03-24 12:59:00,264 eko.matchings/INFO: Atlas [0.00e+00 - 2.28e+00 - 2.42e+01 - 2.98e+04 - inf], ref=2.7224999999999997 @ 4
2026-03-24 12:59:00,275 eko.matchings/INFO: Atlas [0.00e+00 - 2.28e+00 - 2.42e+01 - 2.98e+04 - inf], ref=2.7224999999999997 @ 4
2026-03-24 12:59:00,286 eko.matchings/INFO: Atlas [0.00e+00 - 2.28e+00 - 2.42e+01 - 2.98e+04 - inf], ref=2.7224999999999997 @ 4
2026-03-24 12:59:00,296 eko.matchings/INFO: Atlas [0.00e+00 - 2.28e+00 - 2.42e+01 - 2.98e+04 - inf], ref=2.7224999999999997 @ 4
2026-03-24 12:59:00,308 eko.matchings/INFO: Atlas [0.00e+00 - 2.28e+00 - 2.42e+01 - 2.98e+04 - inf], ref=2.7224999999999997 @ 4
2026-03-24 12:59:00,318 eko.matchings/INFO: Atlas [0.00e+00 - 2.28e+00 - 2.42e+01 - 2.98e+04 - inf], ref=2.7224999999999997 @ 4
2026-03-24 12:59:00,329 eko.matchings/INFO: Atlas [0.00e+00 - 2.28e+00 - 2.42e+01 - 2.98e+04 - inf], ref=2.7224999999999997 @ 4
2026-03-24 12:59:00,340 eko.matchings/INFO: Atlas [0.00e+00 - 2.28e+00 - 2.42e+01 - 2.98e+04 - inf], ref=2.7224999999999997 @ 4
2026-03-24 12:59:00,350 eko.matchings/INFO: Atlas [0.00e+00 - 2.28e+00 - 2.42e+01 - 2.98e+04 - inf], ref=2.7224999999999997 @ 4
2026-03-24 12:59:00,361 eko.matchings/INFO: Atlas [0.00e+00 - 2.28e+00 - 2.42e+01 - 2.98e+04 - inf], ref=2.7224999999999997 @ 4
2026-03-24 12:59:00,371 eko.matchings/INFO: Atlas [0.00e+00 - 2.28e+00 - 2.42e+01 - 2.98e+04 - inf], ref=2.7224999999999997 @ 4
2026-03-24 12:59:00,382 eko.matchings/INFO: Atlas [0.00e+00 - 2.28e+00 - 2.42e+01 - 2.98e+04 - inf], ref=2.7224999999999997 @ 4
2026-03-24 12:59:00,393 eko.matchings/INFO: Atlas [0.00e+00 - 2.28e+00 - 2.42e+01 - 2.98e+04 - inf], ref=2.7224999999999997 @ 4
2026-03-24 12:59:00,404 eko.matchings/INFO: Atlas [0.00e+00 - 2.28e+00 - 2.42e+01 - 2.98e+04 - inf], ref=2.7224999999999997 @ 4
2026-03-24 12:59:00,416 eko.matchings/INFO: Atlas [0.00e+00 - 2.28e+00 - 2.42e+01 - 2.98e+04 - inf], ref=2.7224999999999997 @ 4
2026-03-24 12:59:00,427 eko.matchings/INFO: Atlas [0.00e+00 - 2.28e+00 - 2.42e+01 - 2.98e+04 - inf], ref=2.7224999999999997 @ 4
2026-03-24 12:59:00,437 eko.matchings/INFO: Atlas [0.00e+00 - 2.28e+00 - 2.42e+01 - 2.98e+04 - inf], ref=2.7224999999999997 @ 4
2026-03-24 12:59:00,497 pineko.theory/INFO: Finished computation of HERA_NC_318GEV_EM-SIGMARED - took 74.855090 s
